0 verbose cli C:\Program Files\nodejs\node.exe C:\Program Files\nodejs\node_modules\npm\bin\npm-cli.js
1 info using npm@11.6.2
2 info using node@v24.13.0
3 silly config load:file:C:\Program Files\nodejs\node_modules\npm\npmrc
4 silly config load:file:D:\TECHLOOM.AI\Section_1\.npmrc
5 silly config load:file:C:\Users\Vidhurshan\.npmrc
6 silly config load:file:C:\Users\Vidhurshan\AppData\Roaming\npm\etc\npmrc
7 verbose title npm install
8 verbose argv "install" "--cache" ".npm-cache"
9 verbose logfile logs-max:10 dir:D:\TECHLOOM.AI\Section_1\.npm-cache\_logs\2026-04-08T09_57_25_039Z-
10 verbose logfile D:\TECHLOOM.AI\Section_1\.npm-cache\_logs\2026-04-08T09_57_25_039Z-debug-0.log
11 silly logfile done cleaning log files
12 silly packumentCache heap:2348810240 maxSize:587202560 maxEntrySize:293601280
13 silly idealTree buildDeps
14 silly fetch manifest react@^18.3.1
15 silly packumentCache full:https://registry.npmjs.org/react cache-miss
16 http fetch GET 200 https://registry.npmjs.org/npm 618ms
17 http fetch GET 200 https://registry.npmjs.org/react 1653ms (cache miss)
18 silly packumentCache full:https://registry.npmjs.org/react set size:undefined disposed:false
19 silly fetch manifest react-dom@^18.3.1
20 silly packumentCache full:https://registry.npmjs.org/react-dom cache-miss
21 http fetch GET 200 https://registry.npmjs.org/react-dom 1715ms (cache miss)
22 silly packumentCache full:https://registry.npmjs.org/react-dom set size:undefined disposed:false
23 silly fetch manifest @vitejs/plugin-react@^4.3.4
24 silly packumentCache full:https://registry.npmjs.org/@vitejs%2fplugin-react cache-miss
25 http fetch GET 200 https://registry.npmjs.org/@vitejs%2fplugin-react 402ms (cache miss)
26 silly packumentCache full:https://registry.npmjs.org/@vitejs%2fplugin-react set size:undefined disposed:false
27 silly fetch manifest vite@^5.4.11
28 silly packumentCache full:https://registry.npmjs.org/vite cache-miss
29 http fetch GET 200 https://registry.npmjs.org/vite 3170ms (cache miss)
30 silly packumentCache full:https://registry.npmjs.org/vite set size:undefined disposed:false
31 silly fetch manifest @types/node@^18.0.0 || >=20.0.0
32 silly packumentCache full:https://registry.npmjs.org/@types%2fnode cache-miss
33 http fetch GET 200 https://registry.npmjs.org/@types%2fnode 2190ms (cache miss)
34 silly packumentCache full:https://registry.npmjs.org/@types%2fnode set size:undefined disposed:false
35 silly fetch manifest less@*
36 silly packumentCache full:https://registry.npmjs.org/less cache-miss
37 http fetch GET 200 https://registry.npmjs.org/less 189ms (cache miss)
38 silly packumentCache full:https://registry.npmjs.org/less set size:undefined disposed:false
39 silly fetch manifest lightningcss@^1.21.0
40 silly packumentCache full:https://registry.npmjs.org/lightningcss cache-miss
41 http fetch GET 200 https://registry.npmjs.org/lightningcss 362ms (cache miss)
42 silly packumentCache full:https://registry.npmjs.org/lightningcss set size:undefined disposed:false
43 silly fetch manifest sass@*
44 silly packumentCache full:https://registry.npmjs.org/sass cache-miss
45 http fetch GET 200 https://registry.npmjs.org/sass 593ms (cache miss)
46 silly packumentCache full:https://registry.npmjs.org/sass set size:undefined disposed:false
47 silly fetch manifest sass-embedded@*
48 silly packumentCache full:https://registry.npmjs.org/sass-embedded cache-miss
49 http fetch GET 200 https://registry.npmjs.org/sass-embedded 185ms (cache miss)
50 silly packumentCache full:https://registry.npmjs.org/sass-embedded set size:undefined disposed:false
51 silly fetch manifest stylus@*
52 silly packumentCache full:https://registry.npmjs.org/stylus cache-miss
53 http fetch GET 200 https://registry.npmjs.org/stylus 181ms (cache miss)
54 silly packumentCache full:https://registry.npmjs.org/stylus set size:undefined disposed:false
55 silly fetch manifest sugarss@*
56 silly packumentCache full:https://registry.npmjs.org/sugarss cache-miss
57 http fetch GET 200 https://registry.npmjs.org/sugarss 100ms (cache miss)
58 silly packumentCache full:https://registry.npmjs.org/sugarss set size:undefined disposed:false
59 silly fetch manifest postcss@^8.3.3
60 silly packumentCache full:https://registry.npmjs.org/postcss cache-miss
61 http fetch GET 200 https://registry.npmjs.org/postcss 277ms (cache miss)
62 silly packumentCache full:https://registry.npmjs.org/postcss set size:undefined disposed:false
63 silly fetch manifest terser@^5.4.0
64 silly packumentCache full:https://registry.npmjs.org/terser cache-miss
65 http fetch GET 200 https://registry.npmjs.org/terser 228ms (cache miss)
66 silly packumentCache full:https://registry.npmjs.org/terser set size:undefined disposed:false
67 silly placeDep ROOT @vitejs/plugin-react@4.7.0 OK for: kaionex-smart-stock-reservation@0.0.1 want: ^4.3.4
68 silly placeDep ROOT vite@5.4.21 OK for: @vitejs/plugin-react@4.7.0 want: ^4.2.0 || ^5.0.0 || ^6.0.0 || ^7.0.0
69 silly placeDep ROOT react@18.3.1 OK for: kaionex-smart-stock-reservation@0.0.1 want: ^18.3.1
70 silly placeDep ROOT react-dom@18.3.1 OK for: kaionex-smart-stock-reservation@0.0.1 want: ^18.3.1
71 silly fetch manifest @babel/core@^7.28.0
72 silly packumentCache full:https://registry.npmjs.org/@babel%2fcore cache-miss
73 silly fetch manifest react-refresh@^0.17.0
74 silly packumentCache full:https://registry.npmjs.org/react-refresh cache-miss
75 silly fetch manifest @types/babel__core@^7.20.5
76 silly packumentCache full:https://registry.npmjs.org/@types%2fbabel__core cache-miss
77 silly fetch manifest @rolldown/pluginutils@1.0.0-beta.27
78 silly packumentCache full:https://registry.npmjs.org/@rolldown%2fpluginutils cache-miss
79 silly fetch manifest @babel/plugin-transform-react-jsx-self@^7.27.1
80 silly packumentCache full:https://registry.npmjs.org/@babel%2fplugin-transform-react-jsx-self cache-miss
81 silly fetch manifest @babel/plugin-transform-react-jsx-source@^7.27.1
82 silly packumentCache full:https://registry.npmjs.org/@babel%2fplugin-transform-react-jsx-source cache-miss
83 silly fetch manifest rollup@^4.20.0
84 silly packumentCache full:https://registry.npmjs.org/rollup cache-miss
85 http fetch GET 200 https://registry.npmjs.org/@babel%2fcore 515ms (cache miss)
86 silly packumentCache full:https://registry.npmjs.org/@babel%2fcore set size:undefined disposed:false
87 silly fetch manifest esbuild@^0.21.3
88 silly packumentCache full:https://registry.npmjs.org/esbuild cache-miss
89 http fetch GET 200 https://registry.npmjs.org/@babel%2fplugin-transform-react-jsx-self 1367ms (cache miss)
90 silly packumentCache full:https://registry.npmjs.org/@babel%2fplugin-transform-react-jsx-self set size:undefined disposed:false
91 silly fetch manifest postcss@^8.4.43
92 silly packumentCache full:https://registry.npmjs.org/postcss cache-miss
93 http cache https://registry.npmjs.org/postcss 39ms (cache hit)
94 silly packumentCache full:https://registry.npmjs.org/postcss set size:705229 disposed:false
95 silly fetch manifest fsevents@~2.3.3
96 silly packumentCache full:https://registry.npmjs.org/fsevents cache-miss
97 http fetch GET 200 https://registry.npmjs.org/@rolldown%2fpluginutils 3325ms (cache miss)
98 silly packumentCache full:https://registry.npmjs.org/@rolldown%2fpluginutils set size:undefined disposed:false
99 silly fetch manifest loose-envify@^1.1.0
100 silly packumentCache full:https://registry.npmjs.org/loose-envify cache-miss
101 http fetch GET 200 https://registry.npmjs.org/@types%2fbabel__core 3515ms (cache miss)
102 silly packumentCache full:https://registry.npmjs.org/@types%2fbabel__core set size:undefined disposed:false
103 silly fetch manifest scheduler@^0.23.2
104 silly packumentCache full:https://registry.npmjs.org/scheduler cache-miss
105 http fetch GET 200 https://registry.npmjs.org/fsevents 2138ms (cache miss)
106 silly packumentCache full:https://registry.npmjs.org/fsevents set size:undefined disposed:false
107 silly fetch manifest loose-envify@^1.1.0
108 silly packumentCache full:https://registry.npmjs.org/loose-envify cache-miss
109 http fetch GET 200 https://registry.npmjs.org/esbuild 3087ms (cache miss)
110 silly packumentCache full:https://registry.npmjs.org/esbuild set size:undefined disposed:false
111 http fetch GET 200 https://registry.npmjs.org/@babel%2fplugin-transform-react-jsx-source 3742ms (cache miss)
112 silly packumentCache full:https://registry.npmjs.org/@babel%2fplugin-transform-react-jsx-source set size:undefined disposed:false
113 http fetch GET 200 https://registry.npmjs.org/loose-envify 918ms (cache miss)
114 silly packumentCache full:https://registry.npmjs.org/loose-envify set size:undefined disposed:false
115 http fetch GET 200 https://registry.npmjs.org/loose-envify 1761ms (cache miss)
116 silly packumentCache full:https://registry.npmjs.org/loose-envify set size:undefined disposed:false
117 http fetch GET 200 https://registry.npmjs.org/rollup 5768ms (cache miss)
118 silly packumentCache full:https://registry.npmjs.org/rollup set size:undefined disposed:false
119 http fetch GET 200 https://registry.npmjs.org/react-refresh 6098ms (cache miss)
120 silly packumentCache full:https://registry.npmjs.org/react-refresh set size:undefined disposed:false
121 http fetch GET 200 https://registry.npmjs.org/scheduler 4042ms (cache miss)
122 silly packumentCache full:https://registry.npmjs.org/scheduler set size:undefined disposed:false
123 silly placeDep ROOT @babel/core@7.29.0 OK for: @vitejs/plugin-react@4.7.0 want: ^7.28.0
124 silly placeDep ROOT @babel/plugin-transform-react-jsx-self@7.27.1 OK for: @vitejs/plugin-react@4.7.0 want: ^7.27.1
125 silly placeDep ROOT @babel/plugin-transform-react-jsx-source@7.27.1 OK for: @vitejs/plugin-react@4.7.0 want: ^7.27.1
126 silly placeDep ROOT @rolldown/pluginutils@1.0.0-beta.27 OK for: @vitejs/plugin-react@4.7.0 want: 1.0.0-beta.27
127 silly placeDep ROOT @types/babel__core@7.20.5 OK for: @vitejs/plugin-react@4.7.0 want: ^7.20.5
128 silly placeDep ROOT react-refresh@0.17.0 OK for: @vitejs/plugin-react@4.7.0 want: ^0.17.0
129 silly fetch manifest debug@^4.1.0
130 silly packumentCache full:https://registry.npmjs.org/debug cache-miss
131 silly fetch manifest json5@^2.2.3
132 silly packumentCache full:https://registry.npmjs.org/json5 cache-miss
133 silly fetch manifest semver@^6.3.1
134 silly packumentCache full:https://registry.npmjs.org/semver cache-miss
135 silly fetch manifest gensync@^1.0.0-beta.2
136 silly packumentCache full:https://registry.npmjs.org/gensync cache-miss
137 silly fetch manifest @babel/types@^7.29.0
138 silly packumentCache full:https://registry.npmjs.org/@babel%2ftypes cache-miss
139 silly fetch manifest @babel/parser@^7.29.0
140 silly packumentCache full:https://registry.npmjs.org/@babel%2fparser cache-miss
141 silly fetch manifest @babel/helpers@^7.28.6
142 silly packumentCache full:https://registry.npmjs.org/@babel%2fhelpers cache-miss
143 http fetch GET 200 https://registry.npmjs.org/gensync 113ms (cache miss)
144 silly packumentCache full:https://registry.npmjs.org/gensync set size:undefined disposed:false
145 silly fetch manifest @babel/template@^7.28.6
146 silly packumentCache full:https://registry.npmjs.org/@babel%2ftemplate cache-miss
147 http fetch GET 200 https://registry.npmjs.org/debug 163ms (cache miss)
148 silly packumentCache full:https://registry.npmjs.org/debug set size:undefined disposed:false
149 silly fetch manifest @babel/traverse@^7.29.0
150 silly packumentCache full:https://registry.npmjs.org/@babel%2ftraverse cache-miss
151 http fetch GET 200 https://registry.npmjs.org/@babel%2ftemplate 161ms (cache miss)
152 silly packumentCache full:https://registry.npmjs.org/@babel%2ftemplate set size:undefined disposed:false
153 silly fetch manifest @babel/generator@^7.29.0
154 silly packumentCache full:https://registry.npmjs.org/@babel%2fgenerator cache-miss
155 http fetch GET 200 https://registry.npmjs.org/semver 394ms (cache miss)
156 silly packumentCache full:https://registry.npmjs.org/semver set size:undefined disposed:false
157 silly fetch manifest @babel/code-frame@^7.29.0
158 silly packumentCache full:https://registry.npmjs.org/@babel%2fcode-frame cache-miss
159 http fetch GET 200 https://registry.npmjs.org/@babel%2fparser 427ms (cache miss)
160 silly packumentCache full:https://registry.npmjs.org/@babel%2fparser set size:undefined disposed:false
161 silly fetch manifest convert-source-map@^2.0.0
162 silly packumentCache full:https://registry.npmjs.org/convert-source-map cache-miss
163 http fetch GET 200 https://registry.npmjs.org/@babel%2ftraverse 328ms (cache miss)
164 silly packumentCache full:https://registry.npmjs.org/@babel%2ftraverse set size:undefined disposed:false
165 silly fetch manifest @jridgewell/remapping@^2.3.5
166 silly packumentCache full:https://registry.npmjs.org/@jridgewell%2fremapping cache-miss
167 http fetch GET 200 https://registry.npmjs.org/@babel%2fhelpers 610ms (cache miss)
168 silly packumentCache full:https://registry.npmjs.org/@babel%2fhelpers set size:undefined disposed:false
169 silly fetch manifest @babel/helper-module-transforms@^7.28.6
170 silly packumentCache full:https://registry.npmjs.org/@babel%2fhelper-module-transforms cache-miss
171 http fetch GET 200 https://registry.npmjs.org/@babel%2ftypes 708ms (cache miss)
172 silly packumentCache full:https://registry.npmjs.org/@babel%2ftypes set size:undefined disposed:false
173 silly fetch manifest @babel/helper-compilation-targets@^7.28.6
174 silly packumentCache full:https://registry.npmjs.org/@babel%2fhelper-compilation-targets cache-miss
175 http fetch GET 200 https://registry.npmjs.org/convert-source-map 293ms (cache miss)
176 silly packumentCache full:https://registry.npmjs.org/convert-source-map set size:undefined disposed:false
177 silly fetch manifest @babel/helper-plugin-utils@^7.27.1
178 silly packumentCache full:https://registry.npmjs.org/@babel%2fhelper-plugin-utils cache-miss
179 http fetch GET 200 https://registry.npmjs.org/@babel%2fcode-frame 469ms (cache miss)
180 silly packumentCache full:https://registry.npmjs.org/@babel%2fcode-frame set size:undefined disposed:false
181 silly fetch manifest @babel/helper-plugin-utils@^7.27.1
182 silly packumentCache full:https://registry.npmjs.org/@babel%2fhelper-plugin-utils cache-miss
183 http fetch GET 200 https://registry.npmjs.org/@babel%2fgenerator 630ms (cache miss)
184 silly packumentCache full:https://registry.npmjs.org/@babel%2fgenerator set size:undefined disposed:false
185 silly fetch manifest @babel/types@^7.20.7
186 silly packumentCache full:https://registry.npmjs.org/@babel%2ftypes cache-miss
187 http cache https://registry.npmjs.org/@babel%2ftypes 26ms (cache hit)
188 silly packumentCache full:https://registry.npmjs.org/@babel%2ftypes set size:487885 disposed:false
189 silly fetch manifest @babel/parser@^7.20.7
190 silly packumentCache full:https://registry.npmjs.org/@babel%2fparser cache-miss
191 http cache https://registry.npmjs.org/@babel%2fparser 18ms (cache hit)
192 silly packumentCache full:https://registry.npmjs.org/@babel%2fparser set size:718758 disposed:false
193 silly fetch manifest @types/babel__template@*
194 silly packumentCache full:https://registry.npmjs.org/@types%2fbabel__template cache-miss
195 http fetch GET 200 https://registry.npmjs.org/@babel%2fhelper-compilation-targets 311ms (cache miss)
196 silly packumentCache full:https://registry.npmjs.org/@babel%2fhelper-compilation-targets set size:undefined disposed:false
197 silly fetch manifest @types/babel__traverse@*
198 silly packumentCache full:https://registry.npmjs.org/@types%2fbabel__traverse cache-miss
199 http fetch GET 200 https://registry.npmjs.org/@babel%2fhelper-plugin-utils 294ms (cache miss)
200 silly packumentCache full:https://registry.npmjs.org/@babel%2fhelper-plugin-utils set size:undefined disposed:false
201 silly fetch manifest @types/babel__generator@*
202 silly packumentCache full:https://registry.npmjs.org/@types%2fbabel__generator cache-miss
203 http fetch GET 200 https://registry.npmjs.org/@babel%2fhelper-plugin-utils 183ms (cache miss)
204 silly packumentCache full:https://registry.npmjs.org/@babel%2fhelper-plugin-utils set size:undefined disposed:false
205 http fetch GET 200 https://registry.npmjs.org/@types%2fbabel__template 101ms (cache miss)
206 silly packumentCache full:https://registry.npmjs.org/@types%2fbabel__template set size:undefined disposed:false
207 http fetch GET 200 https://registry.npmjs.org/@types%2fbabel__generator 116ms (cache miss)
208 silly packumentCache full:https://registry.npmjs.org/@types%2fbabel__generator set size:undefined disposed:false
209 http fetch GET 200 https://registry.npmjs.org/@jridgewell%2fremapping 652ms (cache miss)
210 silly packumentCache full:https://registry.npmjs.org/@jridgewell%2fremapping set size:undefined disposed:false
211 http fetch GET 200 https://registry.npmjs.org/json5 1219ms (cache miss)
212 silly packumentCache full:https://registry.npmjs.org/json5 set size:undefined disposed:false
213 http fetch GET 200 https://registry.npmjs.org/@babel%2fhelper-module-transforms 821ms (cache miss)
214 silly packumentCache full:https://registry.npmjs.org/@babel%2fhelper-module-transforms set size:undefined disposed:false
215 http fetch GET 200 https://registry.npmjs.org/@types%2fbabel__traverse 414ms (cache miss)
216 silly packumentCache full:https://registry.npmjs.org/@types%2fbabel__traverse set size:undefined disposed:false
217 silly fetch manifest @babel/core@^7.0.0
218 silly packumentCache full:https://registry.npmjs.org/@babel%2fcore cache-miss
219 http cache https://registry.npmjs.org/@babel%2fcore 27ms (cache hit)
220 silly packumentCache full:https://registry.npmjs.org/@babel%2fcore set size:760113 disposed:false
221 silly placeDep ROOT @babel/code-frame@7.29.0 OK for: @babel/core@7.29.0 want: ^7.29.0
222 silly placeDep ROOT @babel/generator@7.29.1 OK for: @babel/core@7.29.0 want: ^7.29.0
223 silly placeDep ROOT @babel/helper-compilation-targets@7.28.6 OK for: @babel/core@7.29.0 want: ^7.28.6
224 silly placeDep ROOT @babel/helper-module-transforms@7.28.6 OK for: @babel/core@7.29.0 want: ^7.28.6
225 silly placeDep ROOT @babel/helpers@7.29.2 OK for: @babel/core@7.29.0 want: ^7.28.6
226 silly placeDep ROOT @babel/parser@7.29.2 OK for: @babel/core@7.29.0 want: ^7.29.0
227 silly placeDep ROOT @babel/template@7.28.6 OK for: @babel/core@7.29.0 want: ^7.28.6
228 silly placeDep ROOT @babel/traverse@7.29.0 OK for: @babel/core@7.29.0 want: ^7.29.0
229 silly placeDep ROOT @babel/types@7.29.0 OK for: @babel/core@7.29.0 want: ^7.29.0
230 silly placeDep ROOT @jridgewell/remapping@2.3.5 OK for: @babel/core@7.29.0 want: ^2.3.5
231 silly placeDep ROOT convert-source-map@2.0.0 OK for: @babel/core@7.29.0 want: ^2.0.0
232 silly placeDep ROOT debug@4.4.3 OK for: @babel/core@7.29.0 want: ^4.1.0
233 silly placeDep ROOT gensync@1.0.0-beta.2 OK for: @babel/core@7.29.0 want: ^1.0.0-beta.2
234 silly placeDep ROOT json5@2.2.3 OK for: @babel/core@7.29.0 want: ^2.2.3
235 silly placeDep ROOT semver@6.3.1 OK for: @babel/core@7.29.0 want: ^6.3.1
236 silly fetch manifest js-tokens@^4.0.0
237 silly packumentCache full:https://registry.npmjs.org/js-tokens cache-miss
238 silly fetch manifest picocolors@^1.1.1
239 silly packumentCache full:https://registry.npmjs.org/picocolors cache-miss
240 silly fetch manifest @babel/helper-validator-identifier@^7.28.5
241 silly packumentCache full:https://registry.npmjs.org/@babel%2fhelper-validator-identifier cache-miss
242 silly fetch manifest jsesc@^3.0.2
243 silly packumentCache full:https://registry.npmjs.org/jsesc cache-miss
244 silly fetch manifest @jridgewell/gen-mapping@^0.3.12
245 silly packumentCache full:https://registry.npmjs.org/@jridgewell%2fgen-mapping cache-miss
246 silly fetch manifest @jridgewell/trace-mapping@^0.3.28
247 silly packumentCache full:https://registry.npmjs.org/@jridgewell%2ftrace-mapping cache-miss
248 silly fetch manifest lru-cache@^5.1.1
249 silly packumentCache full:https://registry.npmjs.org/lru-cache cache-miss
250 http fetch GET 200 https://registry.npmjs.org/js-tokens 137ms (cache miss)
251 silly packumentCache full:https://registry.npmjs.org/js-tokens set size:undefined disposed:false
252 silly fetch manifest browserslist@^4.24.0
253 silly packumentCache full:https://registry.npmjs.org/browserslist cache-miss
254 http fetch GET 200 https://registry.npmjs.org/picocolors 362ms (cache miss)
255 silly packumentCache full:https://registry.npmjs.org/picocolors set size:undefined disposed:false
256 silly fetch manifest @babel/compat-data@^7.28.6
257 silly packumentCache full:https://registry.npmjs.org/@babel%2fcompat-data cache-miss
258 http fetch GET 200 https://registry.npmjs.org/jsesc 365ms (cache miss)
259 silly packumentCache full:https://registry.npmjs.org/jsesc set size:undefined disposed:false
260 silly fetch manifest @babel/helper-validator-option@^7.27.1
261 silly packumentCache full:https://registry.npmjs.org/@babel%2fhelper-validator-option cache-miss
262 http fetch GET 200 https://registry.npmjs.org/@babel%2fhelper-validator-identifier 394ms (cache miss)
263 silly packumentCache full:https://registry.npmjs.org/@babel%2fhelper-validator-identifier set size:undefined disposed:false
264 silly fetch manifest @babel/traverse@^7.28.6
265 silly packumentCache full:https://registry.npmjs.org/@babel%2ftraverse cache-miss
266 http cache https://registry.npmjs.org/@babel%2ftraverse 26ms (cache hit)
267 silly packumentCache full:https://registry.npmjs.org/@babel%2ftraverse set size:548722 disposed:false
268 silly fetch manifest @babel/helper-module-imports@^7.28.6
269 silly packumentCache full:https://registry.npmjs.org/@babel%2fhelper-module-imports cache-miss
270 http fetch GET 200 https://registry.npmjs.org/browserslist 305ms (cache miss)
271 silly packumentCache full:https://registry.npmjs.org/browserslist set size:undefined disposed:false
272 silly fetch manifest @babel/types@^7.28.6
273 silly packumentCache full:https://registry.npmjs.org/@babel%2ftypes cache-hit
274 silly fetch manifest debug@^4.3.1
275 silly packumentCache full:https://registry.npmjs.org/debug cache-miss
276 http cache https://registry.npmjs.org/debug 19ms (cache hit)
277 silly packumentCache full:https://registry.npmjs.org/debug set size:195840 disposed:false
278 silly fetch manifest @babel/helper-globals@^7.28.0
279 silly packumentCache full:https://registry.npmjs.org/@babel%2fhelper-globals cache-miss
280 http fetch GET 200 https://registry.npmjs.org/@babel%2fhelper-globals 121ms (cache miss)
281 silly packumentCache full:https://registry.npmjs.org/@babel%2fhelper-globals set size:undefined disposed:false
282 silly fetch manifest @babel/helper-string-parser@^7.27.1
283 silly packumentCache full:https://registry.npmjs.org/@babel%2fhelper-string-parser cache-miss
284 http fetch GET 200 https://registry.npmjs.org/@jridgewell%2ftrace-mapping 622ms (cache miss)
285 silly packumentCache full:https://registry.npmjs.org/@jridgewell%2ftrace-mapping set size:undefined disposed:false
286 silly fetch manifest @jridgewell/gen-mapping@^0.3.5
287 silly packumentCache full:https://registry.npmjs.org/@jridgewell%2fgen-mapping cache-miss
288 http fetch GET 200 https://registry.npmjs.org/@babel%2fhelper-string-parser 852ms (cache miss)
289 silly packumentCache full:https://registry.npmjs.org/@babel%2fhelper-string-parser set size:undefined disposed:false
290 silly fetch manifest @jridgewell/trace-mapping@^0.3.24
291 silly packumentCache full:https://registry.npmjs.org/@jridgewell%2ftrace-mapping cache-miss
292 http fetch GET 200 https://registry.npmjs.org/@babel%2fhelper-validator-option 1101ms (cache miss)
293 silly packumentCache full:https://registry.npmjs.org/@babel%2fhelper-validator-option set size:undefined disposed:false
294 silly fetch manifest ms@^2.1.3
295 silly packumentCache full:https://registry.npmjs.org/ms cache-miss
296 http cache https://registry.npmjs.org/@jridgewell%2ftrace-mapping 40ms (cache hit)
297 silly packumentCache full:https://registry.npmjs.org/@jridgewell%2ftrace-mapping set size:170909 disposed:false
298 http fetch GET 200 https://registry.npmjs.org/@jridgewell%2fgen-mapping 907ms (cache miss)
299 silly packumentCache full:https://registry.npmjs.org/@jridgewell%2fgen-mapping set size:undefined disposed:false
300 http fetch GET 200 https://registry.npmjs.org/@jridgewell%2fgen-mapping 1555ms (cache miss)
301 silly packumentCache full:https://registry.npmjs.org/@jridgewell%2fgen-mapping set size:undefined disposed:false
302 http fetch GET 200 https://registry.npmjs.org/@babel%2fhelper-module-imports 1502ms (cache miss)
303 silly packumentCache full:https://registry.npmjs.org/@babel%2fhelper-module-imports set size:undefined disposed:false
304 http fetch GET 200 https://registry.npmjs.org/lru-cache 1969ms (cache miss)
305 silly packumentCache full:https://registry.npmjs.org/lru-cache set size:undefined disposed:false
306 http fetch GET 200 https://registry.npmjs.org/ms 524ms (cache miss)
307 silly packumentCache full:https://registry.npmjs.org/ms set size:undefined disposed:false
308 http fetch GET 200 https://registry.npmjs.org/@babel%2fcompat-data 1670ms (cache miss)
309 silly packumentCache full:https://registry.npmjs.org/@babel%2fcompat-data set size:undefined disposed:false
310 silly placeDep ROOT @babel/helper-validator-identifier@7.28.5 OK for: @babel/code-frame@7.29.0 want: ^7.28.5
311 silly placeDep ROOT js-tokens@4.0.0 OK for: @babel/code-frame@7.29.0 want: ^4.0.0
312 silly placeDep ROOT picocolors@1.1.1 OK for: @babel/code-frame@7.29.0 want: ^1.1.1
313 silly placeDep ROOT @jridgewell/gen-mapping@0.3.13 OK for: @babel/generator@7.29.1 want: ^0.3.12
314 silly placeDep ROOT @jridgewell/trace-mapping@0.3.31 OK for: @babel/generator@7.29.1 want: ^0.3.28
315 silly placeDep ROOT jsesc@3.1.0 OK for: @babel/generator@7.29.1 want: ^3.0.2
316 silly fetch manifest @jridgewell/sourcemap-codec@^1.5.0
317 silly packumentCache full:https://registry.npmjs.org/@jridgewell%2fsourcemap-codec cache-miss
318 silly fetch manifest @jridgewell/resolve-uri@^3.1.0
319 silly packumentCache full:https://registry.npmjs.org/@jridgewell%2fresolve-uri cache-miss
320 silly fetch manifest @jridgewell/sourcemap-codec@^1.4.14
321 silly packumentCache full:https://registry.npmjs.org/@jridgewell%2fsourcemap-codec cache-miss
322 http fetch GET 200 https://registry.npmjs.org/@jridgewell%2fsourcemap-codec 557ms (cache miss)
323 silly packumentCache full:https://registry.npmjs.org/@jridgewell%2fsourcemap-codec set size:undefined disposed:false
324 http fetch GET 200 https://registry.npmjs.org/@jridgewell%2fresolve-uri 748ms (cache miss)
325 silly packumentCache full:https://registry.npmjs.org/@jridgewell%2fresolve-uri set size:undefined disposed:false
326 http fetch GET 200 https://registry.npmjs.org/@jridgewell%2fsourcemap-codec 757ms (cache miss)
327 silly packumentCache full:https://registry.npmjs.org/@jridgewell%2fsourcemap-codec set size:undefined disposed:false
328 silly placeDep ROOT @babel/compat-data@7.29.0 OK for: @babel/helper-compilation-targets@7.28.6 want: ^7.28.6
329 silly placeDep ROOT @babel/helper-validator-option@7.27.1 OK for: @babel/helper-compilation-targets@7.28.6 want: ^7.27.1
330 silly placeDep ROOT browserslist@4.28.2 OK for: @babel/helper-compilation-targets@7.28.6 want: ^4.24.0
331 silly placeDep ROOT lru-cache@5.1.1 OK for: @babel/helper-compilation-targets@7.28.6 want: ^5.1.1
332 silly fetch manifest baseline-browser-mapping@^2.10.12
333 silly packumentCache full:https://registry.npmjs.org/baseline-browser-mapping cache-miss
334 silly fetch manifest caniuse-lite@^1.0.30001782
335 silly packumentCache full:https://registry.npmjs.org/caniuse-lite cache-miss
336 silly fetch manifest electron-to-chromium@^1.5.328
337 silly packumentCache full:https://registry.npmjs.org/electron-to-chromium cache-miss
338 silly fetch manifest node-releases@^2.0.36
339 silly packumentCache full:https://registry.npmjs.org/node-releases cache-miss
340 silly fetch manifest update-browserslist-db@^1.2.3
341 silly packumentCache full:https://registry.npmjs.org/update-browserslist-db cache-miss
342 silly fetch manifest yallist@^3.0.2
343 silly packumentCache full:https://registry.npmjs.org/yallist cache-miss
344 http fetch GET 200 https://registry.npmjs.org/yallist 2264ms (cache miss)
345 silly packumentCache full:https://registry.npmjs.org/yallist set size:undefined disposed:false
346 http fetch GET 200 https://registry.npmjs.org/update-browserslist-db 2279ms (cache miss)
347 silly packumentCache full:https://registry.npmjs.org/update-browserslist-db set size:undefined disposed:false
348 http fetch GET 200 https://registry.npmjs.org/node-releases 2294ms (cache miss)
349 silly packumentCache full:https://registry.npmjs.org/node-releases set size:undefined disposed:false
350 http fetch GET 200 https://registry.npmjs.org/caniuse-lite 6152ms (cache miss)
351 silly packumentCache full:https://registry.npmjs.org/caniuse-lite set size:undefined disposed:false
352 http fetch GET 200 https://registry.npmjs.org/baseline-browser-mapping 6424ms (cache miss)
353 silly packumentCache full:https://registry.npmjs.org/baseline-browser-mapping set size:undefined disposed:false
354 http fetch GET 200 https://registry.npmjs.org/electron-to-chromium 7171ms (cache miss)
355 silly packumentCache full:https://registry.npmjs.org/electron-to-chromium set size:undefined disposed:false
356 silly placeDep ROOT @babel/helper-module-imports@7.28.6 OK for: @babel/helper-module-transforms@7.28.6 want: ^7.28.6
357 silly placeDep ROOT @babel/helper-plugin-utils@7.28.6 OK for: @babel/plugin-transform-react-jsx-self@7.27.1 want: ^7.27.1
358 silly placeDep ROOT @babel/helper-globals@7.28.0 OK for: @babel/traverse@7.29.0 want: ^7.28.0
359 silly placeDep ROOT @babel/helper-string-parser@7.27.1 OK for: @babel/types@7.29.0 want: ^7.27.1
360 silly placeDep ROOT @jridgewell/sourcemap-codec@1.5.5 OK for: @jridgewell/gen-mapping@0.3.13 want: ^1.5.0
361 silly placeDep ROOT @jridgewell/resolve-uri@3.1.2 OK for: @jridgewell/trace-mapping@0.3.31 want: ^3.1.0
362 silly placeDep ROOT @types/babel__generator@7.27.0 OK for: @types/babel__core@7.20.5 want: *
363 silly placeDep ROOT @types/babel__template@7.4.4 OK for: @types/babel__core@7.20.5 want: *
364 silly placeDep ROOT @types/babel__traverse@7.28.0 OK for: @types/babel__core@7.20.5 want: *
365 silly fetch manifest browserslist@>= 4.21.0
366 silly packumentCache full:https://registry.npmjs.org/browserslist cache-miss
367 http cache https://registry.npmjs.org/browserslist 42ms (cache hit)
368 silly packumentCache full:https://registry.npmjs.org/browserslist set size:504681 disposed:false
369 silly placeDep ROOT baseline-browser-mapping@2.10.16 OK for: browserslist@4.28.2 want: ^2.10.12
370 silly placeDep ROOT caniuse-lite@1.0.30001787 OK for: browserslist@4.28.2 want: ^1.0.30001782
371 silly placeDep ROOT electron-to-chromium@1.5.333 OK for: browserslist@4.28.2 want: ^1.5.328
372 silly placeDep ROOT node-releases@2.0.37 OK for: browserslist@4.28.2 want: ^2.0.36
373 silly placeDep ROOT update-browserslist-db@1.2.3 OK for: browserslist@4.28.2 want: ^1.2.3
374 silly fetch manifest escalade@^3.2.0
375 silly packumentCache full:https://registry.npmjs.org/escalade cache-miss
376 http fetch GET 200 https://registry.npmjs.org/escalade 659ms (cache miss)
377 silly packumentCache full:https://registry.npmjs.org/escalade set size:undefined disposed:false
378 silly placeDep ROOT ms@2.1.3 OK for: debug@4.4.3 want: ^2.1.3
379 silly placeDep ROOT yallist@3.1.1 OK for: lru-cache@5.1.1 want: ^3.0.2
380 silly placeDep ROOT loose-envify@1.4.0 OK for: react@18.3.1 want: ^1.1.0
381 silly placeDep ROOT scheduler@0.23.2 OK for: react-dom@18.3.1 want: ^0.23.2
382 silly placeDep ROOT escalade@3.2.0 OK for: update-browserslist-db@1.2.3 want: ^3.2.0
383 silly placeDep ROOT esbuild@0.21.5 OK for: vite@5.4.21 want: ^0.21.3
384 silly placeDep ROOT fsevents@2.3.3 OK for: vite@5.4.21 want: ~2.3.3
385 silly placeDep ROOT postcss@8.5.9 OK for: vite@5.4.21 want: ^8.4.43
386 silly placeDep ROOT rollup@4.60.1 OK for: vite@5.4.21 want: ^4.20.0
387 silly fetch manifest @esbuild/aix-ppc64@0.21.5
388 silly packumentCache full:https://registry.npmjs.org/@esbuild%2faix-ppc64 cache-miss
389 silly fetch manifest @esbuild/linux-arm@0.21.5
390 silly packumentCache full:https://registry.npmjs.org/@esbuild%2flinux-arm cache-miss
391 silly fetch manifest @esbuild/linux-x64@0.21.5
392 silly packumentCache full:https://registry.npmjs.org/@esbuild%2flinux-x64 cache-miss
393 silly fetch manifest @esbuild/sunos-x64@0.21.5
394 silly packumentCache full:https://registry.npmjs.org/@esbuild%2fsunos-x64 cache-miss
395 silly fetch manifest @esbuild/win32-x64@0.21.5
396 silly packumentCache full:https://registry.npmjs.org/@esbuild%2fwin32-x64 cache-miss
397 silly fetch manifest @esbuild/darwin-x64@0.21.5
398 silly packumentCache full:https://registry.npmjs.org/@esbuild%2fdarwin-x64 cache-miss
399 silly fetch manifest @esbuild/linux-ia32@0.21.5
400 silly packumentCache full:https://registry.npmjs.org/@esbuild%2flinux-ia32 cache-miss
401 http fetch GET 200 https://registry.npmjs.org/@esbuild%2faix-ppc64 405ms (cache miss)
402 silly packumentCache full:https://registry.npmjs.org/@esbuild%2faix-ppc64 set size:undefined disposed:false
403 silly fetch manifest @esbuild/netbsd-x64@0.21.5
404 silly packumentCache full:https://registry.npmjs.org/@esbuild%2fnetbsd-x64 cache-miss
405 http fetch GET 200 https://registry.npmjs.org/@esbuild%2flinux-arm 487ms (cache miss)
406 silly packumentCache full:https://registry.npmjs.org/@esbuild%2flinux-arm set size:undefined disposed:false
407 silly fetch manifest @esbuild/win32-ia32@0.21.5
408 silly packumentCache full:https://registry.npmjs.org/@esbuild%2fwin32-ia32 cache-miss
409 http fetch GET 200 https://registry.npmjs.org/@esbuild%2fdarwin-x64 495ms (cache miss)
410 silly packumentCache full:https://registry.npmjs.org/@esbuild%2fdarwin-x64 set size:undefined disposed:false
411 silly fetch manifest @esbuild/android-arm@0.21.5
412 silly packumentCache full:https://registry.npmjs.org/@esbuild%2fandroid-arm cache-miss
413 http fetch GET 200 https://registry.npmjs.org/@esbuild%2fsunos-x64 813ms (cache miss)
414 silly packumentCache full:https://registry.npmjs.org/@esbuild%2fsunos-x64 set size:undefined disposed:false
415 silly fetch manifest @esbuild/android-x64@0.21.5
416 silly packumentCache full:https://registry.npmjs.org/@esbuild%2fandroid-x64 cache-miss
417 http fetch GET 200 https://registry.npmjs.org/@esbuild%2fwin32-x64 823ms (cache miss)
418 silly packumentCache full:https://registry.npmjs.org/@esbuild%2fwin32-x64 set size:undefined disposed:false
419 silly fetch manifest @esbuild/freebsd-x64@0.21.5
420 silly packumentCache full:https://registry.npmjs.org/@esbuild%2ffreebsd-x64 cache-miss
421 http fetch GET 200 https://registry.npmjs.org/@esbuild%2flinux-x64 1506ms (cache miss)
422 silly packumentCache full:https://registry.npmjs.org/@esbuild%2flinux-x64 set size:undefined disposed:false
423 silly fetch manifest @esbuild/linux-arm64@0.21.5
424 silly packumentCache full:https://registry.npmjs.org/@esbuild%2flinux-arm64 cache-miss
425 http fetch GET 200 https://registry.npmjs.org/@esbuild%2ffreebsd-x64 1263ms (cache miss)
426 silly packumentCache full:https://registry.npmjs.org/@esbuild%2ffreebsd-x64 set size:undefined disposed:false
427 silly fetch manifest @esbuild/linux-ppc64@0.21.5
428 silly packumentCache full:https://registry.npmjs.org/@esbuild%2flinux-ppc64 cache-miss
429 http fetch GET 200 https://registry.npmjs.org/@esbuild%2fandroid-x64 1335ms (cache miss)
430 silly packumentCache full:https://registry.npmjs.org/@esbuild%2fandroid-x64 set size:undefined disposed:false
431 silly fetch manifest @esbuild/linux-s390x@0.21.5
432 silly packumentCache full:https://registry.npmjs.org/@esbuild%2flinux-s390x cache-miss
433 http fetch GET 200 https://registry.npmjs.org/@esbuild%2flinux-ia32 2320ms (cache miss)
434 silly packumentCache full:https://registry.npmjs.org/@esbuild%2flinux-ia32 set size:undefined disposed:false
435 silly fetch manifest @esbuild/openbsd-x64@0.21.5
436 silly packumentCache full:https://registry.npmjs.org/@esbuild%2fopenbsd-x64 cache-miss
437 http fetch GET 200 https://registry.npmjs.org/@esbuild%2fnetbsd-x64 1944ms (cache miss)
438 silly packumentCache full:https://registry.npmjs.org/@esbuild%2fnetbsd-x64 set size:undefined disposed:false
439 silly fetch manifest @esbuild/win32-arm64@0.21.5
440 silly packumentCache full:https://registry.npmjs.org/@esbuild%2fwin32-arm64 cache-miss
441 http fetch GET 200 https://registry.npmjs.org/@esbuild%2fwin32-ia32 1866ms (cache miss)
442 silly packumentCache full:https://registry.npmjs.org/@esbuild%2fwin32-ia32 set size:undefined disposed:false
443 silly fetch manifest @esbuild/darwin-arm64@0.21.5
444 silly packumentCache full:https://registry.npmjs.org/@esbuild%2fdarwin-arm64 cache-miss
445 http fetch GET 200 https://registry.npmjs.org/@esbuild%2flinux-arm64 850ms (cache miss)
446 silly packumentCache full:https://registry.npmjs.org/@esbuild%2flinux-arm64 set size:undefined disposed:false
447 silly fetch manifest @esbuild/android-arm64@0.21.5
448 silly packumentCache full:https://registry.npmjs.org/@esbuild%2fandroid-arm64 cache-miss
449 http fetch GET 200 https://registry.npmjs.org/@esbuild%2fandroid-arm 1889ms (cache miss)
450 silly packumentCache full:https://registry.npmjs.org/@esbuild%2fandroid-arm set size:undefined disposed:false
451 silly fetch manifest @esbuild/freebsd-arm64@0.21.5
452 silly packumentCache full:https://registry.npmjs.org/@esbuild%2ffreebsd-arm64 cache-miss
453 http fetch GET 200 https://registry.npmjs.org/@esbuild%2flinux-ppc64 850ms (cache miss)
454 silly packumentCache full:https://registry.npmjs.org/@esbuild%2flinux-ppc64 set size:undefined disposed:false
455 silly fetch manifest @esbuild/linux-loong64@0.21.5
456 silly packumentCache full:https://registry.npmjs.org/@esbuild%2flinux-loong64 cache-miss
457 http fetch GET 200 https://registry.npmjs.org/@esbuild%2fdarwin-arm64 654ms (cache miss)
458 silly packumentCache full:https://registry.npmjs.org/@esbuild%2fdarwin-arm64 set size:undefined disposed:false
459 silly fetch manifest @esbuild/linux-riscv64@0.21.5
460 silly packumentCache full:https://registry.npmjs.org/@esbuild%2flinux-riscv64 cache-miss
461 http fetch GET 200 https://registry.npmjs.org/@esbuild%2flinux-s390x 907ms (cache miss)
462 silly packumentCache full:https://registry.npmjs.org/@esbuild%2flinux-s390x set size:undefined disposed:false
463 silly fetch manifest @esbuild/linux-mips64el@0.21.5
464 silly packumentCache full:https://registry.npmjs.org/@esbuild%2flinux-mips64el cache-miss
465 http fetch GET 200 https://registry.npmjs.org/@esbuild%2fwin32-arm64 775ms (cache miss)
466 silly packumentCache full:https://registry.npmjs.org/@esbuild%2fwin32-arm64 set size:undefined disposed:false
467 silly fetch manifest nanoid@^3.3.11
468 silly packumentCache full:https://registry.npmjs.org/nanoid cache-miss
469 http fetch GET 200 https://registry.npmjs.org/@esbuild%2fandroid-arm64 867ms (cache miss)
470 silly packumentCache full:https://registry.npmjs.org/@esbuild%2fandroid-arm64 set size:undefined disposed:false
471 silly fetch manifest source-map-js@^1.2.1
472 silly packumentCache full:https://registry.npmjs.org/source-map-js cache-miss
473 http fetch GET 200 https://registry.npmjs.org/nanoid 193ms (cache miss)
474 silly packumentCache full:https://registry.npmjs.org/nanoid set size:undefined disposed:false
475 silly fetch manifest @types/estree@1.0.8
476 silly packumentCache full:https://registry.npmjs.org/@types%2festree cache-miss
477 http fetch GET 200 https://registry.npmjs.org/@esbuild%2ffreebsd-arm64 1350ms (cache miss)
478 silly packumentCache full:https://registry.npmjs.org/@esbuild%2ffreebsd-arm64 set size:undefined disposed:false
479 silly fetch manifest @rollup/rollup-darwin-arm64@4.60.1
480 silly packumentCache full:https://registry.npmjs.org/@rollup%2frollup-darwin-arm64 cache-miss
481 http fetch GET 200 https://registry.npmjs.org/source-map-js 518ms (cache miss)
482 silly packumentCache full:https://registry.npmjs.org/source-map-js set size:undefined disposed:false
483 silly fetch manifest @rollup/rollup-android-arm64@4.60.1
484 silly packumentCache full:https://registry.npmjs.org/@rollup%2frollup-android-arm64 cache-miss
485 http fetch GET 200 https://registry.npmjs.org/@types%2festree 468ms (cache miss)
486 silly packumentCache full:https://registry.npmjs.org/@types%2festree set size:undefined disposed:false
487 silly fetch manifest @rollup/rollup-win32-arm64-msvc@4.60.1
488 silly packumentCache full:https://registry.npmjs.org/@rollup%2frollup-win32-arm64-msvc cache-miss
489 http fetch GET 200 https://registry.npmjs.org/@esbuild%2flinux-riscv64 806ms (cache miss)
490 silly packumentCache full:https://registry.npmjs.org/@esbuild%2flinux-riscv64 set size:undefined disposed:false
491 silly fetch manifest @rollup/rollup-freebsd-arm64@4.60.1
492 silly packumentCache full:https://registry.npmjs.org/@rollup%2frollup-freebsd-arm64 cache-miss
493 http fetch GET 200 https://registry.npmjs.org/@esbuild%2fopenbsd-x64 1521ms (cache miss)
494 silly packumentCache full:https://registry.npmjs.org/@esbuild%2fopenbsd-x64 set size:undefined disposed:false
495 silly fetch manifest @rollup/rollup-linux-arm64-gnu@4.60.1
496 silly packumentCache full:https://registry.npmjs.org/@rollup%2frollup-linux-arm64-gnu cache-miss
497 http fetch GET 200 https://registry.npmjs.org/@esbuild%2flinux-loong64 892ms (cache miss)
498 silly packumentCache full:https://registry.npmjs.org/@esbuild%2flinux-loong64 set size:undefined disposed:false
499 silly fetch manifest @rollup/rollup-linux-arm64-musl@4.60.1
500 silly packumentCache full:https://registry.npmjs.org/@rollup%2frollup-linux-arm64-musl cache-miss
501 http fetch GET 200 https://registry.npmjs.org/@esbuild%2flinux-mips64el 756ms (cache miss)
502 silly packumentCache full:https://registry.npmjs.org/@esbuild%2flinux-mips64el set size:undefined disposed:false
503 silly fetch manifest @rollup/rollup-android-arm-eabi@4.60.1
504 silly packumentCache full:https://registry.npmjs.org/@rollup%2frollup-android-arm-eabi cache-miss
505 http fetch GET 200 https://registry.npmjs.org/@rollup%2frollup-freebsd-arm64 534ms (cache miss)
506 silly packumentCache full:https://registry.npmjs.org/@rollup%2frollup-freebsd-arm64 set size:undefined disposed:false
507 silly fetch manifest @rollup/rollup-linux-arm-gnueabihf@4.60.1
508 silly packumentCache full:https://registry.npmjs.org/@rollup%2frollup-linux-arm-gnueabihf cache-miss
509 http fetch GET 200 https://registry.npmjs.org/@rollup%2frollup-linux-arm64-gnu 586ms (cache miss)
510 silly packumentCache full:https://registry.npmjs.org/@rollup%2frollup-linux-arm64-gnu set size:undefined disposed:false
511 silly fetch manifest @rollup/rollup-linux-arm-musleabihf@4.60.1
512 silly packumentCache full:https://registry.npmjs.org/@rollup%2frollup-linux-arm-musleabihf cache-miss
513 http fetch GET 200 https://registry.npmjs.org/@rollup%2frollup-win32-arm64-msvc 650ms (cache miss)
514 silly packumentCache full:https://registry.npmjs.org/@rollup%2frollup-win32-arm64-msvc set size:undefined disposed:false
515 silly fetch manifest @rollup/rollup-win32-ia32-msvc@4.60.1
516 silly packumentCache full:https://registry.npmjs.org/@rollup%2frollup-win32-ia32-msvc cache-miss
517 http fetch GET 200 https://registry.npmjs.org/@rollup%2frollup-android-arm64 715ms (cache miss)
518 silly packumentCache full:https://registry.npmjs.org/@rollup%2frollup-android-arm64 set size:undefined disposed:false
519 silly fetch manifest @rollup/rollup-linux-loong64-gnu@4.60.1
520 silly packumentCache full:https://registry.npmjs.org/@rollup%2frollup-linux-loong64-gnu cache-miss
521 http fetch GET 200 https://registry.npmjs.org/@rollup%2frollup-android-arm-eabi 644ms (cache miss)
522 silly packumentCache full:https://registry.npmjs.org/@rollup%2frollup-android-arm-eabi set size:undefined disposed:false
523 silly fetch manifest @rollup/rollup-linux-loong64-musl@4.60.1
524 silly packumentCache full:https://registry.npmjs.org/@rollup%2frollup-linux-loong64-musl cache-miss
525 http fetch GET 200 https://registry.npmjs.org/@rollup%2frollup-darwin-arm64 1017ms (cache miss)
526 silly packumentCache full:https://registry.npmjs.org/@rollup%2frollup-darwin-arm64 set size:undefined disposed:false
527 silly fetch manifest @rollup/rollup-linux-riscv64-gnu@4.60.1
528 silly packumentCache full:https://registry.npmjs.org/@rollup%2frollup-linux-riscv64-gnu cache-miss
529 http fetch GET 200 https://registry.npmjs.org/@rollup%2frollup-linux-arm64-musl 917ms (cache miss)
530 silly packumentCache full:https://registry.npmjs.org/@rollup%2frollup-linux-arm64-musl set size:undefined disposed:false
531 silly fetch manifest @rollup/rollup-linux-riscv64-musl@4.60.1
532 silly packumentCache full:https://registry.npmjs.org/@rollup%2frollup-linux-riscv64-musl cache-miss
533 http fetch GET 200 https://registry.npmjs.org/@rollup%2frollup-linux-loong64-gnu 397ms (cache miss)
534 silly packumentCache full:https://registry.npmjs.org/@rollup%2frollup-linux-loong64-gnu set size:undefined disposed:false
535 silly fetch manifest @rollup/rollup-linux-ppc64-gnu@4.60.1
536 silly packumentCache full:https://registry.npmjs.org/@rollup%2frollup-linux-ppc64-gnu cache-miss
537 http fetch GET 200 https://registry.npmjs.org/@rollup%2frollup-linux-arm-gnueabihf 551ms (cache miss)
538 silly packumentCache full:https://registry.npmjs.org/@rollup%2frollup-linux-arm-gnueabihf set size:undefined disposed:false
539 silly fetch manifest @rollup/rollup-linux-ppc64-musl@4.60.1
540 silly packumentCache full:https://registry.npmjs.org/@rollup%2frollup-linux-ppc64-musl cache-miss
541 http fetch GET 200 https://registry.npmjs.org/@rollup%2frollup-linux-arm-musleabihf 651ms (cache miss)
542 silly packumentCache full:https://registry.npmjs.org/@rollup%2frollup-linux-arm-musleabihf set size:undefined disposed:false
543 silly fetch manifest @rollup/rollup-linux-s390x-gnu@4.60.1
544 silly packumentCache full:https://registry.npmjs.org/@rollup%2frollup-linux-s390x-gnu cache-miss
545 http fetch GET 200 https://registry.npmjs.org/@rollup%2frollup-linux-ppc64-gnu 464ms (cache miss)
546 silly packumentCache full:https://registry.npmjs.org/@rollup%2frollup-linux-ppc64-gnu set size:undefined disposed:false
547 silly fetch manifest @rollup/rollup-darwin-x64@4.60.1
548 silly packumentCache full:https://registry.npmjs.org/@rollup%2frollup-darwin-x64 cache-miss
549 http fetch GET 200 https://registry.npmjs.org/@rollup%2frollup-win32-ia32-msvc 957ms (cache miss)
550 silly packumentCache full:https://registry.npmjs.org/@rollup%2frollup-win32-ia32-msvc set size:undefined disposed:false
551 silly fetch manifest @rollup/rollup-win32-x64-gnu@4.60.1
552 silly packumentCache full:https://registry.npmjs.org/@rollup%2frollup-win32-x64-gnu cache-miss
553 http fetch GET 200 https://registry.npmjs.org/@rollup%2frollup-linux-riscv64-gnu 765ms (cache miss)
554 silly packumentCache full:https://registry.npmjs.org/@rollup%2frollup-linux-riscv64-gnu set size:undefined disposed:false
555 silly fetch manifest @rollup/rollup-win32-x64-msvc@4.60.1
556 silly packumentCache full:https://registry.npmjs.org/@rollup%2frollup-win32-x64-msvc cache-miss
557 http fetch GET 200 https://registry.npmjs.org/@rollup%2frollup-linux-s390x-gnu 485ms (cache miss)
558 silly packumentCache full:https://registry.npmjs.org/@rollup%2frollup-linux-s390x-gnu set size:undefined disposed:false
559 silly fetch manifest @rollup/rollup-freebsd-x64@4.60.1
560 silly packumentCache full:https://registry.npmjs.org/@rollup%2frollup-freebsd-x64 cache-miss
561 http fetch GET 200 https://registry.npmjs.org/@rollup%2frollup-linux-riscv64-musl 836ms (cache miss)
562 silly packumentCache full:https://registry.npmjs.org/@rollup%2frollup-linux-riscv64-musl set size:undefined disposed:false
563 silly fetch manifest @rollup/rollup-linux-x64-gnu@4.60.1
564 silly packumentCache full:https://registry.npmjs.org/@rollup%2frollup-linux-x64-gnu cache-miss
565 http fetch GET 200 https://registry.npmjs.org/@rollup%2frollup-linux-loong64-musl 1124ms (cache miss)
566 silly packumentCache full:https://registry.npmjs.org/@rollup%2frollup-linux-loong64-musl set size:undefined disposed:false
567 silly fetch manifest @rollup/rollup-linux-x64-musl@4.60.1
568 silly packumentCache full:https://registry.npmjs.org/@rollup%2frollup-linux-x64-musl cache-miss
569 http fetch GET 200 https://registry.npmjs.org/@rollup%2frollup-linux-ppc64-musl 768ms (cache miss)
570 silly packumentCache full:https://registry.npmjs.org/@rollup%2frollup-linux-ppc64-musl set size:undefined disposed:false
571 silly fetch manifest @rollup/rollup-openbsd-x64@4.60.1
572 silly packumentCache full:https://registry.npmjs.org/@rollup%2frollup-openbsd-x64 cache-miss
573 http fetch GET 200 https://registry.npmjs.org/@rollup%2frollup-freebsd-x64 470ms (cache miss)
574 silly packumentCache full:https://registry.npmjs.org/@rollup%2frollup-freebsd-x64 set size:undefined disposed:false
575 silly fetch manifest @rollup/rollup-openharmony-arm64@4.60.1
576 silly packumentCache full:https://registry.npmjs.org/@rollup%2frollup-openharmony-arm64 cache-miss
577 http fetch GET 200 https://registry.npmjs.org/@rollup%2frollup-openbsd-x64 417ms (cache miss)
578 silly packumentCache full:https://registry.npmjs.org/@rollup%2frollup-openbsd-x64 set size:undefined disposed:false
579 http fetch GET 200 https://registry.npmjs.org/@rollup%2frollup-darwin-x64 763ms (cache miss)
580 silly packumentCache full:https://registry.npmjs.org/@rollup%2frollup-darwin-x64 set size:undefined disposed:false
581 http fetch GET 200 https://registry.npmjs.org/@rollup%2frollup-win32-x64-msvc 722ms (cache miss)
582 silly packumentCache full:https://registry.npmjs.org/@rollup%2frollup-win32-x64-msvc set size:undefined disposed:false
583 http fetch GET 200 https://registry.npmjs.org/@rollup%2frollup-linux-x64-musl 862ms (cache miss)
584 silly packumentCache full:https://registry.npmjs.org/@rollup%2frollup-linux-x64-musl set size:undefined disposed:false
585 http fetch GET 200 https://registry.npmjs.org/@rollup%2frollup-linux-x64-gnu 944ms (cache miss)
586 silly packumentCache full:https://registry.npmjs.org/@rollup%2frollup-linux-x64-gnu set size:undefined disposed:false
587 http fetch GET 200 https://registry.npmjs.org/@rollup%2frollup-openharmony-arm64 519ms (cache miss)
588 silly packumentCache full:https://registry.npmjs.org/@rollup%2frollup-openharmony-arm64 set size:undefined disposed:false
589 http fetch GET 200 https://registry.npmjs.org/@rollup%2frollup-win32-x64-gnu 1625ms (cache miss)
590 silly packumentCache full:https://registry.npmjs.org/@rollup%2frollup-win32-x64-gnu set size:undefined disposed:false
591 silly placeDep ROOT @esbuild/aix-ppc64@0.21.5 OK for: esbuild@0.21.5 want: 0.21.5
592 silly placeDep ROOT @esbuild/android-arm@0.21.5 OK for: esbuild@0.21.5 want: 0.21.5
593 silly placeDep ROOT @esbuild/android-arm64@0.21.5 OK for: esbuild@0.21.5 want: 0.21.5
594 silly placeDep ROOT @esbuild/android-x64@0.21.5 OK for: esbuild@0.21.5 want: 0.21.5
595 silly placeDep ROOT @esbuild/darwin-arm64@0.21.5 OK for: esbuild@0.21.5 want: 0.21.5
596 silly placeDep ROOT @esbuild/darwin-x64@0.21.5 OK for: esbuild@0.21.5 want: 0.21.5
597 silly placeDep ROOT @esbuild/freebsd-arm64@0.21.5 OK for: esbuild@0.21.5 want: 0.21.5
598 silly placeDep ROOT @esbuild/freebsd-x64@0.21.5 OK for: esbuild@0.21.5 want: 0.21.5
599 silly placeDep ROOT @esbuild/linux-arm@0.21.5 OK for: esbuild@0.21.5 want: 0.21.5
600 silly placeDep ROOT @esbuild/linux-arm64@0.21.5 OK for: esbuild@0.21.5 want: 0.21.5
601 silly placeDep ROOT @esbuild/linux-ia32@0.21.5 OK for: esbuild@0.21.5 want: 0.21.5
602 silly placeDep ROOT @esbuild/linux-loong64@0.21.5 OK for: esbuild@0.21.5 want: 0.21.5
603 silly placeDep ROOT @esbuild/linux-mips64el@0.21.5 OK for: esbuild@0.21.5 want: 0.21.5
604 silly placeDep ROOT @esbuild/linux-ppc64@0.21.5 OK for: esbuild@0.21.5 want: 0.21.5
605 silly placeDep ROOT @esbuild/linux-riscv64@0.21.5 OK for: esbuild@0.21.5 want: 0.21.5
606 silly placeDep ROOT @esbuild/linux-s390x@0.21.5 OK for: esbuild@0.21.5 want: 0.21.5
607 silly placeDep ROOT @esbuild/linux-x64@0.21.5 OK for: esbuild@0.21.5 want: 0.21.5
608 silly placeDep ROOT @esbuild/netbsd-x64@0.21.5 OK for: esbuild@0.21.5 want: 0.21.5
609 silly placeDep ROOT @esbuild/openbsd-x64@0.21.5 OK for: esbuild@0.21.5 want: 0.21.5
610 silly placeDep ROOT @esbuild/sunos-x64@0.21.5 OK for: esbuild@0.21.5 want: 0.21.5
611 silly placeDep ROOT @esbuild/win32-arm64@0.21.5 OK for: esbuild@0.21.5 want: 0.21.5
612 silly placeDep ROOT @esbuild/win32-ia32@0.21.5 OK for: esbuild@0.21.5 want: 0.21.5
613 silly placeDep ROOT @esbuild/win32-x64@0.21.5 OK for: esbuild@0.21.5 want: 0.21.5
614 silly placeDep ROOT nanoid@3.3.11 OK for: postcss@8.5.9 want: ^3.3.11
615 silly placeDep ROOT source-map-js@1.2.1 OK for: postcss@8.5.9 want: ^1.2.1
616 silly placeDep ROOT @rollup/rollup-android-arm-eabi@4.60.1 OK for: rollup@4.60.1 want: 4.60.1
617 silly placeDep ROOT @rollup/rollup-android-arm64@4.60.1 OK for: rollup@4.60.1 want: 4.60.1
618 silly placeDep ROOT @rollup/rollup-darwin-arm64@4.60.1 OK for: rollup@4.60.1 want: 4.60.1
619 silly placeDep ROOT @rollup/rollup-darwin-x64@4.60.1 OK for: rollup@4.60.1 want: 4.60.1
620 silly placeDep ROOT @rollup/rollup-freebsd-arm64@4.60.1 OK for: rollup@4.60.1 want: 4.60.1
621 silly placeDep ROOT @rollup/rollup-freebsd-x64@4.60.1 OK for: rollup@4.60.1 want: 4.60.1
622 silly placeDep ROOT @rollup/rollup-linux-arm-gnueabihf@4.60.1 OK for: rollup@4.60.1 want: 4.60.1
623 silly placeDep ROOT @rollup/rollup-linux-arm-musleabihf@4.60.1 OK for: rollup@4.60.1 want: 4.60.1
624 silly placeDep ROOT @rollup/rollup-linux-arm64-gnu@4.60.1 OK for: rollup@4.60.1 want: 4.60.1
625 silly placeDep ROOT @rollup/rollup-linux-arm64-musl@4.60.1 OK for: rollup@4.60.1 want: 4.60.1
626 silly placeDep ROOT @rollup/rollup-linux-loong64-gnu@4.60.1 OK for: rollup@4.60.1 want: 4.60.1
627 silly placeDep ROOT @rollup/rollup-linux-loong64-musl@4.60.1 OK for: rollup@4.60.1 want: 4.60.1
628 silly placeDep ROOT @rollup/rollup-linux-ppc64-gnu@4.60.1 OK for: rollup@4.60.1 want: 4.60.1
629 silly placeDep ROOT @rollup/rollup-linux-ppc64-musl@4.60.1 OK for: rollup@4.60.1 want: 4.60.1
630 silly placeDep ROOT @rollup/rollup-linux-riscv64-gnu@4.60.1 OK for: rollup@4.60.1 want: 4.60.1
631 silly placeDep ROOT @rollup/rollup-linux-riscv64-musl@4.60.1 OK for: rollup@4.60.1 want: 4.60.1
632 silly placeDep ROOT @rollup/rollup-linux-s390x-gnu@4.60.1 OK for: rollup@4.60.1 want: 4.60.1
633 silly placeDep ROOT @rollup/rollup-linux-x64-gnu@4.60.1 OK for: rollup@4.60.1 want: 4.60.1
634 silly placeDep ROOT @rollup/rollup-linux-x64-musl@4.60.1 OK for: rollup@4.60.1 want: 4.60.1
635 silly placeDep ROOT @rollup/rollup-openbsd-x64@4.60.1 OK for: rollup@4.60.1 want: 4.60.1
636 silly placeDep ROOT @rollup/rollup-openharmony-arm64@4.60.1 OK for: rollup@4.60.1 want: 4.60.1
637 silly placeDep ROOT @rollup/rollup-win32-arm64-msvc@4.60.1 OK for: rollup@4.60.1 want: 4.60.1
638 silly placeDep ROOT @rollup/rollup-win32-ia32-msvc@4.60.1 OK for: rollup@4.60.1 want: 4.60.1
639 silly placeDep ROOT @rollup/rollup-win32-x64-gnu@4.60.1 OK for: rollup@4.60.1 want: 4.60.1
640 silly placeDep ROOT @rollup/rollup-win32-x64-msvc@4.60.1 OK for: rollup@4.60.1 want: 4.60.1
641 silly placeDep ROOT @types/estree@1.0.8 OK for: rollup@4.60.1 want: 1.0.8
642 silly reify moves {}
643 silly audit bulk request {
643 silly audit   '@vitejs/plugin-react': [ '4.7.0' ],
643 silly audit   vite: [ '5.4.21' ],
643 silly audit   react: [ '18.3.1' ],
643 silly audit   'react-dom': [ '18.3.1' ],
643 silly audit   '@babel/core': [ '7.29.0' ],
643 silly audit   '@babel/plugin-transform-react-jsx-self': [ '7.27.1' ],
643 silly audit   '@babel/plugin-transform-react-jsx-source': [ '7.27.1' ],
643 silly audit   '@rolldown/pluginutils': [ '1.0.0-beta.27' ],
643 silly audit   '@types/babel__core': [ '7.20.5' ],
643 silly audit   'react-refresh': [ '0.17.0' ],
643 silly audit   '@babel/code-frame': [ '7.29.0' ],
643 silly audit   '@babel/generator': [ '7.29.1' ],
643 silly audit   '@babel/helper-compilation-targets': [ '7.28.6' ],
643 silly audit   '@babel/helper-module-transforms': [ '7.28.6' ],
643 silly audit   '@babel/helpers': [ '7.29.2' ],
643 silly audit   '@babel/parser': [ '7.29.2' ],
643 silly audit   '@babel/template': [ '7.28.6' ],
643 silly audit   '@babel/traverse': [ '7.29.0' ],
643 silly audit   '@babel/types': [ '7.29.0' ],
643 silly audit   '@jridgewell/remapping': [ '2.3.5' ],
643 silly audit   'convert-source-map': [ '2.0.0' ],
643 silly audit   debug: [ '4.4.3' ],
643 silly audit   gensync: [ '1.0.0-beta.2' ],
643 silly audit   json5: [ '2.2.3' ],
643 silly audit   semver: [ '6.3.1' ],
643 silly audit   '@babel/helper-validator-identifier': [ '7.28.5' ],
643 silly audit   'js-tokens': [ '4.0.0' ],
643 silly audit   picocolors: [ '1.1.1' ],
643 silly audit   '@jridgewell/gen-mapping': [ '0.3.13' ],
643 silly audit   '@jridgewell/trace-mapping': [ '0.3.31' ],
643 silly audit   jsesc: [ '3.1.0' ],
643 silly audit   '@babel/compat-data': [ '7.29.0' ],
643 silly audit   '@babel/helper-validator-option': [ '7.27.1' ],
643 silly audit   browserslist: [ '4.28.2' ],
643 silly audit   'lru-cache': [ '5.1.1' ],
643 silly audit   '@babel/helper-module-imports': [ '7.28.6' ],
643 silly audit   '@babel/helper-plugin-utils': [ '7.28.6' ],
643 silly audit   '@babel/helper-globals': [ '7.28.0' ],
643 silly audit   '@babel/helper-string-parser': [ '7.27.1' ],
643 silly audit   '@jridgewell/sourcemap-codec': [ '1.5.5' ],
643 silly audit   '@jridgewell/resolve-uri': [ '3.1.2' ],
643 silly audit   '@types/babel__generator': [ '7.27.0' ],
643 silly audit   '@types/babel__template': [ '7.4.4' ],
643 silly audit   '@types/babel__traverse': [ '7.28.0' ],
643 silly audit   'baseline-browser-mapping': [ '2.10.16' ],
643 silly audit   'caniuse-lite': [ '1.0.30001787' ],
643 silly audit   'electron-to-chromium': [ '1.5.333' ],
643 silly audit   'node-releases': [ '2.0.37' ],
643 silly audit   'update-browserslist-db': [ '1.2.3' ],
643 silly audit   ms: [ '2.1.3' ],
643 silly audit   yallist: [ '3.1.1' ],
643 silly audit   'loose-envify': [ '1.4.0' ],
643 silly audit   scheduler: [ '0.23.2' ],
643 silly audit   escalade: [ '3.2.0' ],
643 silly audit   esbuild: [ '0.21.5' ],
643 silly audit   fsevents: [ '2.3.3' ],
643 silly audit   postcss: [ '8.5.9' ],
643 silly audit   rollup: [ '4.60.1' ],
643 silly audit   '@esbuild/aix-ppc64': [ '0.21.5' ],
643 silly audit   '@esbuild/android-arm': [ '0.21.5' ],
643 silly audit   '@esbuild/android-arm64': [ '0.21.5' ],
643 silly audit   '@esbuild/android-x64': [ '0.21.5' ],
643 silly audit   '@esbuild/darwin-arm64': [ '0.21.5' ],
643 silly audit   '@esbuild/darwin-x64': [ '0.21.5' ],
643 silly audit   '@esbuild/freebsd-arm64': [ '0.21.5' ],
643 silly audit   '@esbuild/freebsd-x64': [ '0.21.5' ],
643 silly audit   '@esbuild/linux-arm': [ '0.21.5' ],
643 silly audit   '@esbuild/linux-arm64': [ '0.21.5' ],
643 silly audit   '@esbuild/linux-ia32': [ '0.21.5' ],
643 silly audit   '@esbuild/linux-loong64': [ '0.21.5' ],
643 silly audit   '@esbuild/linux-mips64el': [ '0.21.5' ],
643 silly audit   '@esbuild/linux-ppc64': [ '0.21.5' ],
643 silly audit   '@esbuild/linux-riscv64': [ '0.21.5' ],
643 silly audit   '@esbuild/linux-s390x': [ '0.21.5' ],
643 silly audit   '@esbuild/linux-x64': [ '0.21.5' ],
643 silly audit   '@esbuild/netbsd-x64': [ '0.21.5' ],
643 silly audit   '@esbuild/openbsd-x64': [ '0.21.5' ],
643 silly audit   '@esbuild/sunos-x64': [ '0.21.5' ],
643 silly audit   '@esbuild/win32-arm64': [ '0.21.5' ],
643 silly audit   '@esbuild/win32-ia32': [ '0.21.5' ],
643 silly audit   '@esbuild/win32-x64': [ '0.21.5' ],
643 silly audit   nanoid: [ '3.3.11' ],
643 silly audit   'source-map-js': [ '1.2.1' ],
643 silly audit   '@rollup/rollup-android-arm-eabi': [ '4.60.1' ],
643 silly audit   '@rollup/rollup-android-arm64': [ '4.60.1' ],
643 silly audit   '@rollup/rollup-darwin-arm64': [ '4.60.1' ],
643 silly audit   '@rollup/rollup-darwin-x64': [ '4.60.1' ],
643 silly audit   '@rollup/rollup-freebsd-arm64': [ '4.60.1' ],
643 silly audit   '@rollup/rollup-freebsd-x64': [ '4.60.1' ],
643 silly audit   '@rollup/rollup-linux-arm-gnueabihf': [ '4.60.1' ],
643 silly audit   '@rollup/rollup-linux-arm-musleabihf': [ '4.60.1' ],
643 silly audit   '@rollup/rollup-linux-arm64-gnu': [ '4.60.1' ],
643 silly audit   '@rollup/rollup-linux-arm64-musl': [ '4.60.1' ],
643 silly audit   '@rollup/rollup-linux-loong64-gnu': [ '4.60.1' ],
643 silly audit   '@rollup/rollup-linux-loong64-musl': [ '4.60.1' ],
643 silly audit   '@rollup/rollup-linux-ppc64-gnu': [ '4.60.1' ],
643 silly audit   '@rollup/rollup-linux-ppc64-musl': [ '4.60.1' ],
643 silly audit   '@rollup/rollup-linux-riscv64-gnu': [ '4.60.1' ],
643 silly audit   '@rollup/rollup-linux-riscv64-musl': [ '4.60.1' ],
643 silly audit   '@rollup/rollup-linux-s390x-gnu': [ '4.60.1' ],
643 silly audit   '@rollup/rollup-linux-x64-gnu': [ '4.60.1' ],
643 silly audit   '@rollup/rollup-linux-x64-musl': [ '4.60.1' ],
643 silly audit   '@rollup/rollup-openbsd-x64': [ '4.60.1' ],
643 silly audit   '@rollup/rollup-openharmony-arm64': [ '4.60.1' ],
643 silly audit   '@rollup/rollup-win32-arm64-msvc': [ '4.60.1' ],
643 silly audit   '@rollup/rollup-win32-ia32-msvc': [ '4.60.1' ],
643 silly audit   '@rollup/rollup-win32-x64-gnu': [ '4.60.1' ],
643 silly audit   '@rollup/rollup-win32-x64-msvc': [ '4.60.1' ],
643 silly audit   '@types/estree': [ '1.0.8' ]
643 silly audit }
644 http cache @types/estree@https://registry.npmjs.org/@types/estree/-/estree-1.0.8.tgz 0ms (cache hit)
645 http cache @rollup/rollup-win32-x64-msvc@https://registry.npmjs.org/@rollup/rollup-win32-x64-msvc/-/rollup-win32-x64-msvc-4.60.1.tgz 0ms (cache hit)
646 http cache @rollup/rollup-win32-x64-gnu@https://registry.npmjs.org/@rollup/rollup-win32-x64-gnu/-/rollup-win32-x64-gnu-4.60.1.tgz 0ms (cache hit)
647 http cache @esbuild/win32-x64@https://registry.npmjs.org/@esbuild/win32-x64/-/win32-x64-0.21.5.tgz 0ms (cache hit)
648 http cache nanoid@https://registry.npmjs.org/nanoid/-/nanoid-3.3.11.tgz 0ms (cache hit)
649 http cache source-map-js@https://registry.npmjs.org/source-map-js/-/source-map-js-1.2.1.tgz 0ms (cache hit)
650 http cache postcss@https://registry.npmjs.org/postcss/-/postcss-8.5.9.tgz 0ms (cache hit)
651 http cache rollup@https://registry.npmjs.org/rollup/-/rollup-4.60.1.tgz 0ms (cache hit)
652 http cache esbuild@https://registry.npmjs.org/esbuild/-/esbuild-0.21.5.tgz 0ms (cache hit)
653 http cache escalade@https://registry.npmjs.org/escalade/-/escalade-3.2.0.tgz 0ms (cache hit)
654 http cache loose-envify@https://registry.npmjs.org/loose-envify/-/loose-envify-1.4.0.tgz 0ms (cache hit)
655 http cache scheduler@https://registry.npmjs.org/scheduler/-/scheduler-0.23.2.tgz 0ms (cache hit)
656 http cache yallist@https://registry.npmjs.org/yallist/-/yallist-3.1.1.tgz 0ms (cache hit)
657 http cache ms@https://registry.npmjs.org/ms/-/ms-2.1.3.tgz 0ms (cache hit)
658 http cache update-browserslist-db@https://registry.npmjs.org/update-browserslist-db/-/update-browserslist-db-1.2.3.tgz 0ms (cache hit)
659 http cache electron-to-chromium@https://registry.npmjs.org/electron-to-chromium/-/electron-to-chromium-1.5.333.tgz 0ms (cache hit)
660 http cache node-releases@https://registry.npmjs.org/node-releases/-/node-releases-2.0.37.tgz 0ms (cache hit)
661 http cache @types/babel__traverse@https://registry.npmjs.org/@types/babel__traverse/-/babel__traverse-7.28.0.tgz 0ms (cache hit)
662 http cache @types/babel__template@https://registry.npmjs.org/@types/babel__template/-/babel__template-7.4.4.tgz 0ms (cache hit)
663 http cache caniuse-lite@https://registry.npmjs.org/caniuse-lite/-/caniuse-lite-1.0.30001787.tgz 0ms (cache hit)
664 http cache @types/babel__generator@https://registry.npmjs.org/@types/babel__generator/-/babel__generator-7.27.0.tgz 0ms (cache hit)
665 http cache baseline-browser-mapping@https://registry.npmjs.org/baseline-browser-mapping/-/baseline-browser-mapping-2.10.16.tgz 0ms (cache hit)
666 http cache @jridgewell/resolve-uri@https://registry.npmjs.org/@jridgewell/resolve-uri/-/resolve-uri-3.1.2.tgz 0ms (cache hit)
667 http cache @babel/helper-globals@https://registry.npmjs.org/@babel/helper-globals/-/helper-globals-7.28.0.tgz 0ms (cache hit)
668 http cache @babel/helper-string-parser@https://registry.npmjs.org/@babel/helper-string-parser/-/helper-string-parser-7.27.1.tgz 0ms (cache hit)
669 http cache @babel/helper-plugin-utils@https://registry.npmjs.org/@babel/helper-plugin-utils/-/helper-plugin-utils-7.28.6.tgz 0ms (cache hit)
670 http cache @jridgewell/sourcemap-codec@https://registry.npmjs.org/@jridgewell/sourcemap-codec/-/sourcemap-codec-1.5.5.tgz 0ms (cache hit)
671 http cache lru-cache@https://registry.npmjs.org/lru-cache/-/lru-cache-5.1.1.tgz 0ms (cache hit)
672 http cache @babel/helper-module-imports@https://registry.npmjs.org/@babel/helper-module-imports/-/helper-module-imports-7.28.6.tgz 0ms (cache hit)
673 http cache browserslist@https://registry.npmjs.org/browserslist/-/browserslist-4.28.2.tgz 0ms (cache hit)
674 http cache @babel/compat-data@https://registry.npmjs.org/@babel/compat-data/-/compat-data-7.29.0.tgz 0ms (cache hit)
675 http cache jsesc@https://registry.npmjs.org/jsesc/-/jsesc-3.1.0.tgz 0ms (cache hit)
676 http cache @jridgewell/trace-mapping@https://registry.npmjs.org/@jridgewell/trace-mapping/-/trace-mapping-0.3.31.tgz 0ms (cache hit)
677 http cache picocolors@https://registry.npmjs.org/picocolors/-/picocolors-1.1.1.tgz 0ms (cache hit)
678 http cache @babel/helper-validator-option@https://registry.npmjs.org/@babel/helper-validator-option/-/helper-validator-option-7.27.1.tgz 0ms (cache hit)
679 http cache @jridgewell/gen-mapping@https://registry.npmjs.org/@jridgewell/gen-mapping/-/gen-mapping-0.3.13.tgz 0ms (cache hit)
680 http cache json5@https://registry.npmjs.org/json5/-/json5-2.2.3.tgz 0ms (cache hit)
681 http cache @babel/helper-validator-identifier@https://registry.npmjs.org/@babel/helper-validator-identifier/-/helper-validator-identifier-7.28.5.tgz 0ms (cache hit)
682 http cache js-tokens@https://registry.npmjs.org/js-tokens/-/js-tokens-4.0.0.tgz 0ms (cache hit)
683 http cache semver@https://registry.npmjs.org/semver/-/semver-6.3.1.tgz 0ms (cache hit)
684 http cache @jridgewell/remapping@https://registry.npmjs.org/@jridgewell/remapping/-/remapping-2.3.5.tgz 0ms (cache hit)
685 http cache @babel/types@https://registry.npmjs.org/@babel/types/-/types-7.29.0.tgz 0ms (cache hit)
686 http cache convert-source-map@https://registry.npmjs.org/convert-source-map/-/convert-source-map-2.0.0.tgz 0ms (cache hit)
687 http cache gensync@https://registry.npmjs.org/gensync/-/gensync-1.0.0-beta.2.tgz 0ms (cache hit)
688 http cache @babel/traverse@https://registry.npmjs.org/@babel/traverse/-/traverse-7.29.0.tgz 0ms (cache hit)
689 http cache debug@https://registry.npmjs.org/debug/-/debug-4.4.3.tgz 0ms (cache hit)
690 http cache @babel/template@https://registry.npmjs.org/@babel/template/-/template-7.28.6.tgz 0ms (cache hit)
691 http cache @babel/parser@https://registry.npmjs.org/@babel/parser/-/parser-7.29.2.tgz 0ms (cache hit)
692 http cache @babel/helpers@https://registry.npmjs.org/@babel/helpers/-/helpers-7.29.2.tgz 0ms (cache hit)
693 http cache react-refresh@https://registry.npmjs.org/react-refresh/-/react-refresh-0.17.0.tgz 0ms (cache hit)
694 http cache @babel/helper-compilation-targets@https://registry.npmjs.org/@babel/helper-compilation-targets/-/helper-compilation-targets-7.28.6.tgz 0ms (cache hit)
695 http cache @babel/helper-module-transforms@https://registry.npmjs.org/@babel/helper-module-transforms/-/helper-module-transforms-7.28.6.tgz 0ms (cache hit)
696 http cache @types/babel__core@https://registry.npmjs.org/@types/babel__core/-/babel__core-7.20.5.tgz 1ms (cache hit)
697 http cache @babel/generator@https://registry.npmjs.org/@babel/generator/-/generator-7.29.1.tgz 0ms (cache hit)
698 http cache @rolldown/pluginutils@https://registry.npmjs.org/@rolldown/pluginutils/-/pluginutils-1.0.0-beta.27.tgz 0ms (cache hit)
699 http cache @babel/code-frame@https://registry.npmjs.org/@babel/code-frame/-/code-frame-7.29.0.tgz 0ms (cache hit)
700 http cache react@https://registry.npmjs.org/react/-/react-18.3.1.tgz 0ms (cache hit)
701 http cache react-dom@https://registry.npmjs.org/react-dom/-/react-dom-18.3.1.tgz 0ms (cache hit)
702 http cache vite@https://registry.npmjs.org/vite/-/vite-5.4.21.tgz 0ms (cache hit)
703 http cache @babel/plugin-transform-react-jsx-source@https://registry.npmjs.org/@babel/plugin-transform-react-jsx-source/-/plugin-transform-react-jsx-source-7.27.1.tgz 0ms (cache hit)
704 silly tarball no local data for @types/estree@https://registry.npmjs.org/@types/estree/-/estree-1.0.8.tgz. Extracting by manifest.
705 http cache @babel/core@https://registry.npmjs.org/@babel/core/-/core-7.29.0.tgz 0ms (cache hit)
706 silly tarball no local data for @rollup/rollup-win32-x64-msvc@https://registry.npmjs.org/@rollup/rollup-win32-x64-msvc/-/rollup-win32-x64-msvc-4.60.1.tgz. Extracting by manifest.
707 silly tarball no local data for @rollup/rollup-win32-x64-gnu@https://registry.npmjs.org/@rollup/rollup-win32-x64-gnu/-/rollup-win32-x64-gnu-4.60.1.tgz. Extracting by manifest.
708 silly tarball no local data for @esbuild/win32-x64@https://registry.npmjs.org/@esbuild/win32-x64/-/win32-x64-0.21.5.tgz. Extracting by manifest.
709 silly tarball no local data for nanoid@https://registry.npmjs.org/nanoid/-/nanoid-3.3.11.tgz. Extracting by manifest.
710 http cache @vitejs/plugin-react@https://registry.npmjs.org/@vitejs/plugin-react/-/plugin-react-4.7.0.tgz 0ms (cache hit)
711 silly tarball no local data for source-map-js@https://registry.npmjs.org/source-map-js/-/source-map-js-1.2.1.tgz. Extracting by manifest.
712 silly tarball no local data for postcss@https://registry.npmjs.org/postcss/-/postcss-8.5.9.tgz. Extracting by manifest.
713 silly tarball no local data for rollup@https://registry.npmjs.org/rollup/-/rollup-4.60.1.tgz. Extracting by manifest.
714 silly tarball no local data for esbuild@https://registry.npmjs.org/esbuild/-/esbuild-0.21.5.tgz. Extracting by manifest.
715 silly tarball no local data for escalade@https://registry.npmjs.org/escalade/-/escalade-3.2.0.tgz. Extracting by manifest.
716 silly tarball no local data for loose-envify@https://registry.npmjs.org/loose-envify/-/loose-envify-1.4.0.tgz. Extracting by manifest.
717 silly tarball no local data for scheduler@https://registry.npmjs.org/scheduler/-/scheduler-0.23.2.tgz. Extracting by manifest.
718 silly tarball no local data for yallist@https://registry.npmjs.org/yallist/-/yallist-3.1.1.tgz. Extracting by manifest.
719 silly tarball no local data for ms@https://registry.npmjs.org/ms/-/ms-2.1.3.tgz. Extracting by manifest.
720 silly tarball no local data for update-browserslist-db@https://registry.npmjs.org/update-browserslist-db/-/update-browserslist-db-1.2.3.tgz. Extracting by manifest.
721 silly tarball no local data for electron-to-chromium@https://registry.npmjs.org/electron-to-chromium/-/electron-to-chromium-1.5.333.tgz. Extracting by manifest.
722 silly tarball no local data for node-releases@https://registry.npmjs.org/node-releases/-/node-releases-2.0.37.tgz. Extracting by manifest.
723 silly tarball no local data for @types/babel__traverse@https://registry.npmjs.org/@types/babel__traverse/-/babel__traverse-7.28.0.tgz. Extracting by manifest.
724 silly tarball no local data for @types/babel__template@https://registry.npmjs.org/@types/babel__template/-/babel__template-7.4.4.tgz. Extracting by manifest.
725 silly tarball no local data for caniuse-lite@https://registry.npmjs.org/caniuse-lite/-/caniuse-lite-1.0.30001787.tgz. Extracting by manifest.
726 silly tarball no local data for @types/babel__generator@https://registry.npmjs.org/@types/babel__generator/-/babel__generator-7.27.0.tgz. Extracting by manifest.
727 silly tarball no local data for baseline-browser-mapping@https://registry.npmjs.org/baseline-browser-mapping/-/baseline-browser-mapping-2.10.16.tgz. Extracting by manifest.
728 silly tarball no local data for @jridgewell/resolve-uri@https://registry.npmjs.org/@jridgewell/resolve-uri/-/resolve-uri-3.1.2.tgz. Extracting by manifest.
729 silly tarball no local data for @babel/helper-globals@https://registry.npmjs.org/@babel/helper-globals/-/helper-globals-7.28.0.tgz. Extracting by manifest.
730 silly tarball no local data for @babel/helper-string-parser@https://registry.npmjs.org/@babel/helper-string-parser/-/helper-string-parser-7.27.1.tgz. Extracting by manifest.
731 silly tarball no local data for @babel/helper-plugin-utils@https://registry.npmjs.org/@babel/helper-plugin-utils/-/helper-plugin-utils-7.28.6.tgz. Extracting by manifest.
732 silly tarball no local data for @jridgewell/sourcemap-codec@https://registry.npmjs.org/@jridgewell/sourcemap-codec/-/sourcemap-codec-1.5.5.tgz. Extracting by manifest.
733 silly tarball no local data for lru-cache@https://registry.npmjs.org/lru-cache/-/lru-cache-5.1.1.tgz. Extracting by manifest.
734 silly tarball no local data for @babel/helper-module-imports@https://registry.npmjs.org/@babel/helper-module-imports/-/helper-module-imports-7.28.6.tgz. Extracting by manifest.
735 silly tarball no local data for browserslist@https://registry.npmjs.org/browserslist/-/browserslist-4.28.2.tgz. Extracting by manifest.
736 silly tarball no local data for @babel/compat-data@https://registry.npmjs.org/@babel/compat-data/-/compat-data-7.29.0.tgz. Extracting by manifest.
737 silly tarball no local data for jsesc@https://registry.npmjs.org/jsesc/-/jsesc-3.1.0.tgz. Extracting by manifest.
738 silly tarball no local data for @jridgewell/trace-mapping@https://registry.npmjs.org/@jridgewell/trace-mapping/-/trace-mapping-0.3.31.tgz. Extracting by manifest.
739 silly tarball no local data for picocolors@https://registry.npmjs.org/picocolors/-/picocolors-1.1.1.tgz. Extracting by manifest.
740 silly tarball no local data for @babel/helper-validator-option@https://registry.npmjs.org/@babel/helper-validator-option/-/helper-validator-option-7.27.1.tgz. Extracting by manifest.
741 silly tarball no local data for @jridgewell/gen-mapping@https://registry.npmjs.org/@jridgewell/gen-mapping/-/gen-mapping-0.3.13.tgz. Extracting by manifest.
742 silly tarball no local data for json5@https://registry.npmjs.org/json5/-/json5-2.2.3.tgz. Extracting by manifest.
743 silly tarball no local data for @babel/helper-validator-identifier@https://registry.npmjs.org/@babel/helper-validator-identifier/-/helper-validator-identifier-7.28.5.tgz. Extracting by manifest.
744 silly tarball no local data for js-tokens@https://registry.npmjs.org/js-tokens/-/js-tokens-4.0.0.tgz. Extracting by manifest.
745 silly tarball no local data for semver@https://registry.npmjs.org/semver/-/semver-6.3.1.tgz. Extracting by manifest.
746 silly tarball no local data for @jridgewell/remapping@https://registry.npmjs.org/@jridgewell/remapping/-/remapping-2.3.5.tgz. Extracting by manifest.
747 silly tarball no local data for @babel/types@https://registry.npmjs.org/@babel/types/-/types-7.29.0.tgz. Extracting by manifest.
748 silly tarball no local data for convert-source-map@https://registry.npmjs.org/convert-source-map/-/convert-source-map-2.0.0.tgz. Extracting by manifest.
749 silly tarball no local data for gensync@https://registry.npmjs.org/gensync/-/gensync-1.0.0-beta.2.tgz. Extracting by manifest.
750 silly tarball no local data for @babel/traverse@https://registry.npmjs.org/@babel/traverse/-/traverse-7.29.0.tgz. Extracting by manifest.
751 silly tarball no local data for debug@https://registry.npmjs.org/debug/-/debug-4.4.3.tgz. Extracting by manifest.
752 silly tarball no local data for @babel/template@https://registry.npmjs.org/@babel/template/-/template-7.28.6.tgz. Extracting by manifest.
753 silly tarball no local data for @babel/parser@https://registry.npmjs.org/@babel/parser/-/parser-7.29.2.tgz. Extracting by manifest.
754 silly tarball no local data for @babel/helpers@https://registry.npmjs.org/@babel/helpers/-/helpers-7.29.2.tgz. Extracting by manifest.
755 silly tarball no local data for react-refresh@https://registry.npmjs.org/react-refresh/-/react-refresh-0.17.0.tgz. Extracting by manifest.
756 silly tarball no local data for @babel/helper-compilation-targets@https://registry.npmjs.org/@babel/helper-compilation-targets/-/helper-compilation-targets-7.28.6.tgz. Extracting by manifest.
757 silly tarball no local data for @babel/helper-module-transforms@https://registry.npmjs.org/@babel/helper-module-transforms/-/helper-module-transforms-7.28.6.tgz. Extracting by manifest.
758 silly tarball no local data for @types/babel__core@https://registry.npmjs.org/@types/babel__core/-/babel__core-7.20.5.tgz. Extracting by manifest.
759 silly tarball no local data for @babel/generator@https://registry.npmjs.org/@babel/generator/-/generator-7.29.1.tgz. Extracting by manifest.
760 silly tarball no local data for @rolldown/pluginutils@https://registry.npmjs.org/@rolldown/pluginutils/-/pluginutils-1.0.0-beta.27.tgz. Extracting by manifest.
761 silly tarball no local data for @babel/code-frame@https://registry.npmjs.org/@babel/code-frame/-/code-frame-7.29.0.tgz. Extracting by manifest.
762 silly tarball no local data for react@https://registry.npmjs.org/react/-/react-18.3.1.tgz. Extracting by manifest.
763 silly tarball no local data for react-dom@https://registry.npmjs.org/react-dom/-/react-dom-18.3.1.tgz. Extracting by manifest.
764 silly tarball no local data for vite@https://registry.npmjs.org/vite/-/vite-5.4.21.tgz. Extracting by manifest.
765 silly tarball no local data for @babel/plugin-transform-react-jsx-source@https://registry.npmjs.org/@babel/plugin-transform-react-jsx-source/-/plugin-transform-react-jsx-source-7.27.1.tgz. Extracting by manifest.
766 http cache @babel/plugin-transform-react-jsx-self@https://registry.npmjs.org/@babel/plugin-transform-react-jsx-self/-/plugin-transform-react-jsx-self-7.27.1.tgz 0ms (cache hit)
767 silly tarball no local data for @babel/core@https://registry.npmjs.org/@babel/core/-/core-7.29.0.tgz. Extracting by manifest.
768 silly tarball no local data for @vitejs/plugin-react@https://registry.npmjs.org/@vitejs/plugin-react/-/plugin-react-4.7.0.tgz. Extracting by manifest.
769 silly tarball no local data for @babel/plugin-transform-react-jsx-self@https://registry.npmjs.org/@babel/plugin-transform-react-jsx-self/-/plugin-transform-react-jsx-self-7.27.1.tgz. Extracting by manifest.
770 http fetch POST 200 https://registry.npmjs.org/-/npm/v1/security/advisories/bulk 334ms
771 silly audit report {
771 silly audit report   vite: [
771 silly audit report     {
771 silly audit report       id: 1116229,
771 silly audit report       url: 'https://github.com/advisories/GHSA-4w7w-66w2-5vf9',
771 silly audit report       title: 'Vite Vulnerable to Path Traversal in Optimized Deps `.map` Handling',
771 silly audit report       severity: 'moderate',
771 silly audit report       vulnerable_versions: '<=6.4.1',
771 silly audit report       cwe: [Array],
771 silly audit report       cvss: [Object]
771 silly audit report     }
771 silly audit report   ],
771 silly audit report   esbuild: [
771 silly audit report     {
771 silly audit report       id: 1102341,
771 silly audit report       url: 'https://github.com/advisories/GHSA-67mh-4wv8-2f99',
771 silly audit report       title: 'esbuild enables any website to send any requests to the development server and read the response',
771 silly audit report       severity: 'moderate',
771 silly audit report       vulnerable_versions: '<=0.24.2',
771 silly audit report       cwe: [Array],
771 silly audit report       cvss: [Object]
771 silly audit report     }
771 silly audit report   ]
771 silly audit report }
772 silly packumentCache corgi:https://registry.npmjs.org/vite cache-miss
773 silly packumentCache corgi:https://registry.npmjs.org/esbuild cache-miss
774 http fetch GET 200 https://registry.npmjs.org/update-browserslist-db/-/update-browserslist-db-1.2.3.tgz 402ms (cache miss)
775 http fetch GET 200 https://registry.npmjs.org/node-releases/-/node-releases-2.0.37.tgz 459ms (cache miss)
776 http fetch GET 200 https://registry.npmjs.org/source-map-js/-/source-map-js-1.2.1.tgz 522ms (cache miss)
777 http fetch GET 200 https://registry.npmjs.org/nanoid/-/nanoid-3.3.11.tgz 553ms (cache miss)
778 http fetch GET 200 https://registry.npmjs.org/electron-to-chromium/-/electron-to-chromium-1.5.333.tgz 563ms (cache miss)
779 http fetch GET 200 https://registry.npmjs.org/ms/-/ms-2.1.3.tgz 1218ms (cache miss)
780 http fetch GET 200 https://registry.npmjs.org/@types/estree/-/estree-1.0.8.tgz 1241ms (cache miss)
781 http fetch GET 200 https://registry.npmjs.org/loose-envify/-/loose-envify-1.4.0.tgz 1247ms (cache miss)
782 http fetch GET 200 https://registry.npmjs.org/@types/babel__traverse/-/babel__traverse-7.28.0.tgz 1249ms (cache miss)
783 http fetch GET 200 https://registry.npmjs.org/scheduler/-/scheduler-0.23.2.tgz 1342ms (cache miss)
784 http fetch GET 200 https://registry.npmjs.org/@types/babel__template/-/babel__template-7.4.4.tgz 1394ms (cache miss)
785 http fetch GET 200 https://registry.npmjs.org/escalade/-/escalade-3.2.0.tgz 1457ms (cache miss)
786 http fetch GET 200 https://registry.npmjs.org/yallist/-/yallist-3.1.1.tgz 1495ms (cache miss)
787 http fetch GET 200 https://registry.npmjs.org/esbuild/-/esbuild-0.21.5.tgz 1518ms (cache miss)
788 http fetch GET 200 https://registry.npmjs.org/baseline-browser-mapping/-/baseline-browser-mapping-2.10.16.tgz 1654ms (cache miss)
789 http fetch GET 200 https://registry.npmjs.org/postcss/-/postcss-8.5.9.tgz 1722ms (cache miss)
790 http fetch GET 200 https://registry.npmjs.org/@babel/helper-globals/-/helper-globals-7.28.0.tgz 1920ms (cache miss)
791 http fetch GET 200 https://registry.npmjs.org/@types/babel__generator/-/babel__generator-7.27.0.tgz 1934ms (cache miss)
792 http fetch GET 200 https://registry.npmjs.org/lru-cache/-/lru-cache-5.1.1.tgz 1938ms (cache miss)
793 http fetch GET 200 https://registry.npmjs.org/@babel/helper-string-parser/-/helper-string-parser-7.27.1.tgz 1953ms (cache miss)
794 http fetch GET 200 https://registry.npmjs.org/browserslist/-/browserslist-4.28.2.tgz 2006ms (cache miss)
795 http fetch GET 200 https://registry.npmjs.org/@babel/helper-module-imports/-/helper-module-imports-7.28.6.tgz 2364ms (cache miss)
796 http fetch GET 200 https://registry.npmjs.org/picocolors/-/picocolors-1.1.1.tgz 2387ms (cache miss)
797 http fetch GET 200 https://registry.npmjs.org/jsesc/-/jsesc-3.1.0.tgz 2414ms (cache miss)
798 http fetch GET 200 https://registry.npmjs.org/@jridgewell/sourcemap-codec/-/sourcemap-codec-1.5.5.tgz 2695ms (cache miss)
799 http fetch GET 200 https://registry.npmjs.org/@babel/compat-data/-/compat-data-7.29.0.tgz 2982ms (cache miss)
800 http fetch GET 200 https://registry.npmjs.org/@jridgewell/resolve-uri/-/resolve-uri-3.1.2.tgz 3135ms (cache miss)
801 http fetch GET 200 https://registry.npmjs.org/@babel/helper-validator-option/-/helper-validator-option-7.27.1.tgz 3219ms (cache miss)
802 http fetch GET 200 https://registry.npmjs.org/@jridgewell/gen-mapping/-/gen-mapping-0.3.13.tgz 3284ms (cache miss)
803 http fetch GET 200 https://registry.npmjs.org/js-tokens/-/js-tokens-4.0.0.tgz 3391ms (cache miss)
804 http fetch GET 200 https://registry.npmjs.org/semver/-/semver-6.3.1.tgz 3455ms (cache miss)
805 http fetch GET 200 https://registry.npmjs.org/@babel/helper-plugin-utils/-/helper-plugin-utils-7.28.6.tgz 3533ms (cache miss)
806 http fetch GET 200 https://registry.npmjs.org/@babel/helper-validator-identifier/-/helper-validator-identifier-7.28.5.tgz 3537ms (cache miss)
807 http fetch GET 200 https://registry.npmjs.org/@jridgewell/remapping/-/remapping-2.3.5.tgz 3573ms (cache miss)
808 http fetch GET 200 https://registry.npmjs.org/convert-source-map/-/convert-source-map-2.0.0.tgz 3678ms (cache miss)
809 http fetch GET 200 https://registry.npmjs.org/gensync/-/gensync-1.0.0-beta.2.tgz 3745ms (cache miss)
810 http fetch GET 200 https://registry.npmjs.org/debug/-/debug-4.4.3.tgz 3816ms (cache miss)
811 http fetch GET 200 https://registry.npmjs.org/json5/-/json5-2.2.3.tgz 3848ms (cache miss)
812 http fetch GET 200 https://registry.npmjs.org/@jridgewell/trace-mapping/-/trace-mapping-0.3.31.tgz 3900ms (cache miss)
813 http fetch GET 200 https://registry.npmjs.org/react-refresh/-/react-refresh-0.17.0.tgz 4003ms (cache miss)
814 http fetch GET 200 https://registry.npmjs.org/@babel/template/-/template-7.28.6.tgz 4092ms (cache miss)
815 http fetch GET 200 https://registry.npmjs.org/@babel/helper-compilation-targets/-/helper-compilation-targets-7.28.6.tgz 4203ms (cache miss)
816 http fetch GET 200 https://registry.npmjs.org/@babel/helper-module-transforms/-/helper-module-transforms-7.28.6.tgz 4271ms (cache miss)
817 http fetch GET 200 https://registry.npmjs.org/@babel/code-frame/-/code-frame-7.29.0.tgz 4712ms (cache miss)
818 http fetch GET 200 https://registry.npmjs.org/@babel/helpers/-/helpers-7.29.2.tgz 5259ms (cache miss)
819 http fetch GET 200 https://registry.npmjs.org/react/-/react-18.3.1.tgz 5550ms (cache miss)
820 http fetch GET 200 https://registry.npmjs.org/@types/babel__core/-/babel__core-7.20.5.tgz 5636ms (cache miss)
821 http fetch GET 200 https://registry.npmjs.org/@rolldown/pluginutils/-/pluginutils-1.0.0-beta.27.tgz 6391ms (cache miss)
822 http fetch GET 200 https://registry.npmjs.org/caniuse-lite/-/caniuse-lite-1.0.30001787.tgz 6452ms (cache miss)
823 http fetch GET 200 https://registry.npmjs.org/@babel/plugin-transform-react-jsx-source/-/plugin-transform-react-jsx-source-7.27.1.tgz 6565ms (cache miss)
824 http fetch GET 200 https://registry.npmjs.org/@babel/traverse/-/traverse-7.29.0.tgz 6808ms (cache miss)
825 http fetch GET 200 https://registry.npmjs.org/@vitejs/plugin-react/-/plugin-react-4.7.0.tgz 6883ms (cache miss)
826 http fetch GET 200 https://registry.npmjs.org/@babel/plugin-transform-react-jsx-self/-/plugin-transform-react-jsx-self-7.27.1.tgz 6821ms (cache miss)
827 http fetch GET 200 https://registry.npmjs.org/@babel/types/-/types-7.29.0.tgz 6931ms (cache miss)
828 http fetch GET 200 https://registry.npmjs.org/@babel/generator/-/generator-7.29.1.tgz 6982ms (cache miss)
829 http fetch GET 200 https://registry.npmjs.org/@babel/core/-/core-7.29.0.tgz 8596ms (cache miss)
830 http fetch GET 200 https://registry.npmjs.org/@babel/parser/-/parser-7.29.2.tgz 9395ms (cache miss)
831 http fetch GET 200 https://registry.npmjs.org/esbuild 10115ms (cache miss)
832 silly packumentCache corgi:https://registry.npmjs.org/esbuild set size:undefined disposed:false
833 http fetch GET 200 https://registry.npmjs.org/@rollup/rollup-win32-x64-gnu/-/rollup-win32-x64-gnu-4.60.1.tgz 10484ms (cache miss)
834 http fetch GET 200 https://registry.npmjs.org/vite 10661ms (cache miss)
835 silly packumentCache corgi:https://registry.npmjs.org/vite set size:undefined disposed:false
836 silly packumentCache corgi:https://registry.npmjs.org/@vitejs%2fplugin-react cache-miss
837 http fetch GET 200 https://registry.npmjs.org/@vitejs%2fplugin-react 202ms (cache miss)
838 silly packumentCache corgi:https://registry.npmjs.org/@vitejs%2fplugin-react set size:undefined disposed:false
839 http fetch GET 200 https://registry.npmjs.org/rollup/-/rollup-4.60.1.tgz 12481ms (cache miss)
840 http fetch GET 200 https://registry.npmjs.org/@rollup/rollup-win32-x64-msvc/-/rollup-win32-x64-msvc-4.60.1.tgz 12821ms (cache miss)
841 http fetch GET 200 https://registry.npmjs.org/vite/-/vite-5.4.21.tgz 13575ms (cache miss)
842 http fetch GET 200 https://registry.npmjs.org/react-dom/-/react-dom-18.3.1.tgz 14260ms (cache miss)
843 http fetch GET 200 https://registry.npmjs.org/@esbuild/win32-x64/-/win32-x64-0.21.5.tgz 17288ms (cache miss)
844 info run esbuild@0.21.5 postinstall node_modules/esbuild node install.js
845 info run esbuild@0.21.5 postinstall { code: 0, signal: null }
846 silly ADD node_modules/@types/estree
847 silly ADD node_modules/@rollup/rollup-win32-x64-msvc
848 silly ADD node_modules/@rollup/rollup-win32-x64-gnu
849 silly ADD node_modules/source-map-js
850 silly ADD node_modules/nanoid
851 silly ADD node_modules/@esbuild/win32-x64
852 silly ADD node_modules/rollup
853 silly ADD node_modules/postcss
854 silly ADD node_modules/esbuild
855 silly ADD node_modules/escalade
856 silly ADD node_modules/scheduler
857 silly ADD node_modules/loose-envify
858 silly ADD node_modules/yallist
859 silly ADD node_modules/ms
860 silly ADD node_modules/update-browserslist-db
861 silly ADD node_modules/node-releases
862 silly ADD node_modules/electron-to-chromium
863 silly ADD node_modules/caniuse-lite
864 silly ADD node_modules/baseline-browser-mapping
865 silly ADD node_modules/@types/babel__traverse
866 silly ADD node_modules/@types/babel__template
867 silly ADD node_modules/@types/babel__generator
868 silly ADD node_modules/@jridgewell/resolve-uri
869 silly ADD node_modules/@jridgewell/sourcemap-codec
870 silly ADD node_modules/@babel/helper-string-parser
871 silly ADD node_modules/@babel/helper-globals
872 silly ADD node_modules/@babel/helper-plugin-utils
873 silly ADD node_modules/@babel/helper-module-imports
874 silly ADD node_modules/lru-cache
875 silly ADD node_modules/browserslist
876 silly ADD node_modules/@babel/helper-validator-option
877 silly ADD node_modules/@babel/compat-data
878 silly ADD node_modules/jsesc
879 silly ADD node_modules/@jridgewell/trace-mapping
880 silly ADD node_modules/@jridgewell/gen-mapping
881 silly ADD node_modules/picocolors
882 silly ADD node_modules/js-tokens
883 silly ADD node_modules/@babel/helper-validator-identifier
884 silly ADD node_modules/semver
885 silly ADD node_modules/json5
886 silly ADD node_modules/gensync
887 silly ADD node_modules/debug
888 silly ADD node_modules/convert-source-map
889 silly ADD node_modules/@jridgewell/remapping
890 silly ADD node_modules/@babel/types
891 silly ADD node_modules/@babel/traverse
892 silly ADD node_modules/@babel/template
893 silly ADD node_modules/@babel/parser
894 silly ADD node_modules/@babel/helpers
895 silly ADD node_modules/@babel/helper-module-transforms
896 silly ADD node_modules/@babel/helper-compilation-targets
897 silly ADD node_modules/@babel/generator
898 silly ADD node_modules/@babel/code-frame
899 silly ADD node_modules/react-refresh
900 silly ADD node_modules/@types/babel__core
901 silly ADD node_modules/@rolldown/pluginutils
902 silly ADD node_modules/@babel/plugin-transform-react-jsx-source
903 silly ADD node_modules/@babel/plugin-transform-react-jsx-self
904 silly ADD node_modules/@babel/core
905 silly ADD node_modules/react-dom
906 silly ADD node_modules/react
907 silly ADD node_modules/vite
908 silly ADD node_modules/@vitejs/plugin-react
909 verbose cwd D:\TECHLOOM.AI\Section_1
910 verbose os Windows_NT 10.0.26200
911 verbose node v24.13.0
912 verbose npm  v11.6.2
913 notice
913 notice New minor version of npm available! 11.6.2 -> 11.12.1
913 notice Changelog: https://github.com/npm/cli/releases/tag/v11.12.1
913 notice To update run: npm install -g npm@11.12.1
913 notice  { force: true, Symbol(proc-log.meta): true }
914 verbose exit 0
915 info ok
